###############################################################################
#
# IAR ELF Linker V8.50.4.261/W32 for ARM                  20/Nov/2020  09:56:13
# Copyright 2007-2020 IAR Systems AB.
#
#    Output file  =
#        H:\PROJECTS\PV4 & WB3
#        Hardware\Firmware\SDK_2.8.0_MIMXRT1064xxxxA_New\boards\evkmimxrt1064\driver_examples\adc\polling\iar\debug\adc_12b1msps_sar_polling.out
#    Map file     =
#        H:\PROJECTS\PV4 & WB3
#        Hardware\Firmware\SDK_2.8.0_MIMXRT1064xxxxA_New\boards\evkmimxrt1064\driver_examples\adc\polling\iar\debug\list\adc_12b1msps_sar_polling.map
#    Command line =
#        -f C:\Users\dfowler\AppData\Local\Temp\EWA136.tmp ("H:\PROJECTS\PV4 &
#        WB3
#        Hardware\Firmware\SDK_2.8.0_MIMXRT1064xxxxA_New\boards\evkmimxrt1064\driver_examples\adc\polling\iar\debug\obj\adc_polling.o"
#        "H:\PROJECTS\PV4 & WB3
#        Hardware\Firmware\SDK_2.8.0_MIMXRT1064xxxxA_New\boards\evkmimxrt1064\driver_examples\adc\polling\iar\debug\obj\board.o"
#        "H:\PROJECTS\PV4 & WB3
#        Hardware\Firmware\SDK_2.8.0_MIMXRT1064xxxxA_New\boards\evkmimxrt1064\driver_examples\adc\polling\iar\debug\obj\clock_config.o"
#        "H:\PROJECTS\PV4 & WB3
#        Hardware\Firmware\SDK_2.8.0_MIMXRT1064xxxxA_New\boards\evkmimxrt1064\driver_examples\adc\polling\iar\debug\obj\dcd.o"
#        "H:\PROJECTS\PV4 & WB3
#        Hardware\Firmware\SDK_2.8.0_MIMXRT1064xxxxA_New\boards\evkmimxrt1064\driver_examples\adc\polling\iar\debug\obj\evkmimxrt1064_flexspi_nor_config.o"
#        "H:\PROJECTS\PV4 & WB3
#        Hardware\Firmware\SDK_2.8.0_MIMXRT1064xxxxA_New\boards\evkmimxrt1064\driver_examples\adc\polling\iar\debug\obj\fsl_adc.o"
#        "H:\PROJECTS\PV4 & WB3
#        Hardware\Firmware\SDK_2.8.0_MIMXRT1064xxxxA_New\boards\evkmimxrt1064\driver_examples\adc\polling\iar\debug\obj\fsl_assert.o"
#        "H:\PROJECTS\PV4 & WB3
#        Hardware\Firmware\SDK_2.8.0_MIMXRT1064xxxxA_New\boards\evkmimxrt1064\driver_examples\adc\polling\iar\debug\obj\fsl_clock.o"
#        "H:\PROJECTS\PV4 & WB3
#        Hardware\Firmware\SDK_2.8.0_MIMXRT1064xxxxA_New\boards\evkmimxrt1064\driver_examples\adc\polling\iar\debug\obj\fsl_common.o"
#        "H:\PROJECTS\PV4 & WB3
#        Hardware\Firmware\SDK_2.8.0_MIMXRT1064xxxxA_New\boards\evkmimxrt1064\driver_examples\adc\polling\iar\debug\obj\fsl_debug_console.o"
#        "H:\PROJECTS\PV4 & WB3
#        Hardware\Firmware\SDK_2.8.0_MIMXRT1064xxxxA_New\boards\evkmimxrt1064\driver_examples\adc\polling\iar\debug\obj\fsl_flexspi_nor_boot.o"
#        "H:\PROJECTS\PV4 & WB3
#        Hardware\Firmware\SDK_2.8.0_MIMXRT1064xxxxA_New\boards\evkmimxrt1064\driver_examples\adc\polling\iar\debug\obj\fsl_gpio.o"
#        "H:\PROJECTS\PV4 & WB3
#        Hardware\Firmware\SDK_2.8.0_MIMXRT1064xxxxA_New\boards\evkmimxrt1064\driver_examples\adc\polling\iar\debug\obj\fsl_lpuart.o"
#        "H:\PROJECTS\PV4 & WB3
#        Hardware\Firmware\SDK_2.8.0_MIMXRT1064xxxxA_New\boards\evkmimxrt1064\driver_examples\adc\polling\iar\debug\obj\fsl_str.o"
#        "H:\PROJECTS\PV4 & WB3
#        Hardware\Firmware\SDK_2.8.0_MIMXRT1064xxxxA_New\boards\evkmimxrt1064\driver_examples\adc\polling\iar\debug\obj\generic_list.o"
#        "H:\PROJECTS\PV4 & WB3
#        Hardware\Firmware\SDK_2.8.0_MIMXRT1064xxxxA_New\boards\evkmimxrt1064\driver_examples\adc\polling\iar\debug\obj\lpuart_adapter.o"
#        "H:\PROJECTS\PV4 & WB3
#        Hardware\Firmware\SDK_2.8.0_MIMXRT1064xxxxA_New\boards\evkmimxrt1064\driver_examples\adc\polling\iar\debug\obj\pin_mux.o"
#        "H:\PROJECTS\PV4 & WB3
#        Hardware\Firmware\SDK_2.8.0_MIMXRT1064xxxxA_New\boards\evkmimxrt1064\driver_examples\adc\polling\iar\debug\obj\serial_manager.o"
#        "H:\PROJECTS\PV4 & WB3
#        Hardware\Firmware\SDK_2.8.0_MIMXRT1064xxxxA_New\boards\evkmimxrt1064\driver_examples\adc\polling\iar\debug\obj\serial_port_uart.o"
#        "H:\PROJECTS\PV4 & WB3
#        Hardware\Firmware\SDK_2.8.0_MIMXRT1064xxxxA_New\boards\evkmimxrt1064\driver_examples\adc\polling\iar\debug\obj\startup_MIMXRT1064.o"
#        "H:\PROJECTS\PV4 & WB3
#        Hardware\Firmware\SDK_2.8.0_MIMXRT1064xxxxA_New\boards\evkmimxrt1064\driver_examples\adc\polling\iar\debug\obj\system_MIMXRT1064.o"
#        --redirect _Printf=_PrintfSmallNoMb --redirect _Scanf=_ScanfSmallNoMb
#        --no_out_extension -o "H:\PROJECTS\PV4 & WB3
#        Hardware\Firmware\SDK_2.8.0_MIMXRT1064xxxxA_New\boards\evkmimxrt1064\driver_examples\adc\polling\iar\debug\adc_12b1msps_sar_polling.out"
#        --map "H:\PROJECTS\PV4 & WB3
#        Hardware\Firmware\SDK_2.8.0_MIMXRT1064xxxxA_New\boards\evkmimxrt1064\driver_examples\adc\polling\iar\debug\list\adc_12b1msps_sar_polling.map"
#        --config "H:\PROJECTS\PV4 & WB3
#        Hardware\Firmware\SDK_2.8.0_MIMXRT1064xxxxA_New\boards\evkmimxrt1064\driver_examples\adc\polling\iar\MIMXRT1064xxxxx_flexspi_nor.icf"
#        --semihosting --entry __iar_program_start --vfe --text_out locale)
#
###############################################################################

*******************************************************************************
*** RUNTIME MODEL ATTRIBUTES
***

CppFlavor       = *
__Heap_Handler  = DLMalloc
__SystemLibrary = DLib
__dlib_version  = 6


*******************************************************************************
*** HEAP SELECTION
***

The advanced heap was selected because the application calls memory
allocation functions outside of system library functions, and there
are calls to deallocation functions in the application.


*******************************************************************************
*** PLACEMENT SUMMARY
***

"A0":  place at address 0x7000'2000 { ro section .intvec };
"P1":  place in [from 0x7000'2000 to 0x7000'23ff] |
                [from 0x7000'2400 to 0x703f'ffff] { ro };
define block RW { rw };
"P2":  place in [from 0x2000'0000 to 0x2001'fbff] { block RW };
define block ZI { zi };
"P3":  place in [from 0x2000'0000 to 0x2001'fbff] { block ZI };
define block NCACHE_VAR { section NonCacheable, section NonCacheable.init };
"P5":  place in [from 0x2000'0000 to 0x2001'fbff] { block NCACHE_VAR };
define block CSTACK with size = 1K, alignment = 8 { };
"P6":  place in [from 0x2001'fc00 to 0x2001'ffff] { block CSTACK };
initialize by copy { rw, section .textrw };

No sections matched the following patterns:

  ro section .boot_hdr.boot_data  in "A3"
  ro section .boot_hdr.dcd_data   in "A4"
  section .boot_hdr.conf          in "A1"
  section .boot_hdr.ivt           in "A2"
  section NonCacheable            in block NCACHE_VAR
  section NonCacheable.init       in block NCACHE_VAR


  Section            Kind         Address    Size  Object
  -------            ----         -------    ----  ------
"P2-P3|P5", part 1 of 2:                      0xc
  RW                          0x2000'0000     0xc  <Block>
    RW-1                      0x2000'0000     0xc  <Init block>
      .data          inited   0x2000'0000     0x4  system_MIMXRT1064.o [1]
      .data          inited   0x2000'0004     0x8  XShttio.o [2]
                            - 0x2000'000c     0xc

"P2-P3|P5", part 2 of 2:                     0x58
  ZI                          0x2000'000c    0x58  <Block>
    .bss             zero     0x2000'000c     0x4  fsl_clock.o [1]
    .bss             zero     0x2000'0010     0x4  fsl_clock.o [1]
    .bss             zero     0x2000'0014    0x1c  fsl_debug_console.o [1]
    .bss             zero     0x2000'0030     0x4  fsl_debug_console.o [1]
    .bss             zero     0x2000'0034    0x24  fsl_lpuart.o [1]
    .bss             zero     0x2000'0058     0x4  fsl_lpuart.o [1]
    .bss             zero     0x2000'005c     0x4  xfail_s.o [2]
    .bss             zero     0x2000'0060     0x1  XShttio.o [2]
                            - 0x2000'0064    0x58

"P6":                                       0x400
  CSTACK                      0x2001'fc00   0x400  <Block>
    CSTACK           uninit   0x2001'fc00   0x400  <Block tail>
                            - 0x2002'0000   0x400

"A0":                                       0x400
  .intvec            ro code  0x7000'2000   0x400  startup_MIMXRT1064.o [1]
                            - 0x7000'2400   0x400

"P1":                                      0x2fee
  .text              ro code  0x7000'2400   0x8b0  clock_config.o [1]
  .text              ro code  0x7000'2cb0    0x1c  fsl_assert.o [1]
  .text              ro code  0x7000'2ccc   0x1d8  fsl_clock.o [1]
  .text              ro code  0x7000'2ea4   0x100  fsl_debug_console.o [1]
  .text              ro code  0x7000'2fa4    0xd4  serial_manager.o [1]
  .text              ro code  0x7000'3078    0x66  ABImemset.o [4]
  .text              ro code  0x7000'30de   0x4ac  fsl_str.o [1]
  .text              ro code  0x7000'358a    0x3a  zero_init3.o [4]
  .text              ro code  0x7000'35c4    0x64  serial_port_uart.o [1]
  .text              ro code  0x7000'3628    0x36  strlen.o [4]
  .text              ro code  0x7000'365e    0x2e  copy_init3.o [4]
  .text              ro code  0x7000'368c    0x70  lpuart_adapter.o [1]
  .text              ro code  0x7000'36fc   0x114  fsl_lpuart.o [1]
  .text              ro code  0x7000'3810   0x501  xprintfsmall_nomb.o [2]
  .text              ro code  0x7000'3d12     0x2  startup_MIMXRT1064.o [1]
  .text              ro code  0x7000'3d14    0x16  strchr.o [4]
  .text              ro code  0x7000'3d2a     0x2  startup_MIMXRT1064.o [1]
  .text              ro code  0x7000'3d2c    0x40  xfail_s.o [2]
  .text              ro code  0x7000'3d6c    0x58  memchr.o [4]
  .text              ro code  0x7000'3dc4     0x6  abort.o [2]
  .text              ro code  0x7000'3dca     0x2  startup_MIMXRT1064.o [1]
  .text              ro code  0x7000'3dcc    0x14  exit.o [5]
  .text              ro code  0x7000'3de0    0x7c  iarttio.o [5]
  .text              ro code  0x7000'3e5c    0x3c  XShttio.o [2]
  .text              ro code  0x7000'3e98   0x2e4  board.o [1]
  .text              ro code  0x7000'417c   0x2c8  fsl_adc.o [1]
  .text              ro code  0x7000'4444   0x15a  system_MIMXRT1064.o [1]
  .text              ro code  0x7000'459e     0x2  startup_MIMXRT1064.o [1]
  .text              ro code  0x7000'45a0   0x138  pin_mux.o [1]
  .text              ro code  0x7000'46d8   0x114  adc_polling.o [1]
  .text              ro code  0x7000'47ec    0x28  printf.o [2]
  .rodata            const    0x7000'4814    0xb4  adc_polling.o [1]
  .rodata            const    0x7000'48c8    0x88  fsl_debug_console.o [1]
  .rodata            const    0x7000'4950    0x80  board.o [1]
  .rodata            const    0x7000'49d0    0x74  serial_manager.o [1]
  .rodata            const    0x7000'4a44    0x74  serial_port_uart.o [1]
  .rodata            const    0x7000'4ab8    0x70  clock_config.o [1]
  .rodata            const    0x7000'4b28    0x70  fsl_adc.o [1]
  .rodata            const    0x7000'4b98    0x70  fsl_clock.o [1]
  .rodata            const    0x7000'4c08    0x70  fsl_lpuart.o [1]
  .rodata            const    0x7000'4c78    0x70  pin_mux.o [1]
  .rodata            const    0x7000'4ce8    0x6c  fsl_adc.o [1]
  .rodata            const    0x7000'4d54    0x6c  fsl_adc.o [1]
  .rodata            const    0x7000'4dc0    0x68  lpuart_adapter.o [1]
  .rodata            const    0x7000'4e28    0x3c  fsl_adc.o [1]
  .rodata            const    0x7000'4e64    0x2c  fsl_assert.o [1]
  .text              ro code  0x7000'4e90    0x28  startup_MIMXRT1064.o [1]
  .text              ro code  0x7000'4eb8    0x28  data_init.o [4]
  .rodata            const    0x7000'4ee0    0x24  adc_polling.o [1]
  .rodata            const    0x7000'4f04    0x24  lpuart_adapter.o [1]
  .text              ro code  0x7000'4f28    0x22  fpinit_M.o [3]
  .text              ro code  0x7000'4f4a    0x22  iarwrite.o [5]
  .iar.init_table    const    0x7000'4f6c    0x24  - Linker created -
  .rodata            const    0x7000'4f90    0x20  adc_polling.o [1]
  .text              ro code  0x7000'4fb0    0x20  putchar.o [2]
  .text              ro code  0x7000'4fd0    0x10  write.o [5]
  .text              ro code  0x7000'4fe0    0x1e  dwrite.o [5]
  .text              ro code  0x7000'4ffe    0x20  iarwstd.o [5]
  .text              ro code  0x7000'501e     0x2  startup_MIMXRT1064.o [1]
  .text              ro code  0x7000'5020    0x1e  cmain.o [4]
  .text              ro code  0x7000'503e     0x4  low_level_init.o [2]
  .text              ro code  0x7000'5042     0x4  exit.o [2]
  .text              ro code  0x7000'5046     0x2  startup_MIMXRT1064.o [1]
  .text              ro code  0x7000'5048     0xa  cexit.o [4]
  .text              ro code  0x7000'5052     0x2  startup_MIMXRT1064.o [1]
  .rodata            const    0x7000'5054    0x1c  adc_polling.o [1]
  .rodata            const    0x7000'5070    0x1c  board.o [1]
  .rodata            const    0x7000'508c    0x18  adc_polling.o [1]
  .rodata            const    0x7000'50a4    0x18  board.o [1]
  .rodata            const    0x7000'50bc    0x18  clock_config.o [1]
  .text              ro code  0x7000'50d4    0x16  xprout.o [2]
  .text              ro code  0x7000'50ea     0x2  startup_MIMXRT1064.o [1]
  .rodata            const    0x7000'50ec    0x14  adc_polling.o [1]
  .rodata            const    0x7000'5100    0x14  clock_config.o [1]
  .rodata            const    0x7000'5114    0x14  fsl_adc.o [1]
  .rodata            const    0x7000'5128    0x10  adc_polling.o [1]
  .rodata            const    0x7000'5138    0x10  clock_config.o [1]
  .rodata            const    0x7000'5148    0x10  fsl_adc.o [1]
  .rodata            const    0x7000'5158    0x10  fsl_clock.o [1]
  .rodata            const    0x7000'5168    0x10  pin_mux.o [1]
  .rodata            const    0x7000'5178    0x10  serial_port_uart.o [1]
  .rodata            const    0x7000'5188     0xc  fsl_adc.o [1]
  .rodata            const    0x7000'5194     0xc  fsl_adc.o [1]
  .rodata            const    0x7000'51a0     0xc  fsl_debug_console.o [1]
  .rodata            const    0x7000'51ac     0xc  fsl_lpuart.o [1]
  .rodata            const    0x7000'51b8     0xc  serial_manager.o [1]
  .text              ro code  0x7000'51c4     0xc  cstartup_M.o [4]
  Initializer bytes  const    0x7000'51d0     0xc  <for RW-1>
  .rodata            const    0x7000'51dc     0x8  adc_polling.o [1]
  .rodata            const    0x7000'51e4     0x8  board.o [1]
  .rodata            const    0x7000'51ec     0x8  clock_config.o [1]
  .rodata            const    0x7000'51f4     0x8  fsl_adc.o [1]
  .rodata            const    0x7000'51fc     0x8  fsl_debug_console.o [1]
  .rodata            const    0x7000'5204     0x8  lpuart_adapter.o [1]
  .rodata            const    0x7000'520c     0x8  lpuart_adapter.o [1]
  .rodata            const    0x7000'5214     0x8  lpuart_adapter.o [1]
  .rodata            const    0x7000'521c     0x8  serial_manager.o [1]
  .rodata            const    0x7000'5224     0x8  serial_manager.o [1]
  .rodata            const    0x7000'522c     0x8  serial_manager.o [1]
  .rodata            const    0x7000'5234     0x8  serial_port_uart.o [1]
  .rodata            const    0x7000'523c     0x8  serial_port_uart.o [1]
  .text              ro code  0x7000'5244     0x8  startup_MIMXRT1064.o [1]
  .text              ro code  0x7000'524c     0x8  startup_MIMXRT1064.o [1]
  .text              ro code  0x7000'5254     0x8  startup_MIMXRT1064.o [1]
  .text              ro code  0x7000'525c     0x8  startup_MIMXRT1064.o [1]
  .text              ro code  0x7000'5264     0x8  startup_MIMXRT1064.o [1]
  .text              ro code  0x7000'526c     0x8  startup_MIMXRT1064.o [1]
  .text              ro code  0x7000'5274     0x8  startup_MIMXRT1064.o [1]
  .text              ro code  0x7000'527c     0x8  startup_MIMXRT1064.o [1]
  .text              ro code  0x7000'5284     0x8  startup_MIMXRT1064.o [1]
  .text              ro code  0x7000'528c     0x8  startup_MIMXRT1064.o [1]
  .text              ro code  0x7000'5294     0x8  startup_MIMXRT1064.o [1]
  .text              ro code  0x7000'529c     0x8  startup_MIMXRT1064.o [1]
  .text              ro code  0x7000'52a4     0x8  startup_MIMXRT1064.o [1]
  .text              ro code  0x7000'52ac     0x8  startup_MIMXRT1064.o [1]
  .text              ro code  0x7000'52b4     0x8  startup_MIMXRT1064.o [1]
  .text              ro code  0x7000'52bc     0x8  startup_MIMXRT1064.o [1]
  .text              ro code  0x7000'52c4     0x8  startup_MIMXRT1064.o [1]
  .text              ro code  0x7000'52cc     0x8  startup_MIMXRT1064.o [1]
  .text              ro code  0x7000'52d4     0x8  startup_MIMXRT1064.o [1]
  .text              ro code  0x7000'52dc     0x8  startup_MIMXRT1064.o [1]
  .text              ro code  0x7000'52e4     0x8  startup_MIMXRT1064.o [1]
  .text              ro code  0x7000'52ec     0x8  startup_MIMXRT1064.o [1]
  .text              ro code  0x7000'52f4     0x8  startup_MIMXRT1064.o [1]
  .text              ro code  0x7000'52fc     0x8  startup_MIMXRT1064.o [1]
  .text              ro code  0x7000'5304     0x8  startup_MIMXRT1064.o [1]
  .text              ro code  0x7000'530c     0x8  startup_MIMXRT1064.o [1]
  .text              ro code  0x7000'5314     0x8  startup_MIMXRT1064.o [1]
  .text              ro code  0x7000'531c     0x8  startup_MIMXRT1064.o [1]
  .text              ro code  0x7000'5324     0x8  startup_MIMXRT1064.o [1]
  .text              ro code  0x7000'532c     0x8  startup_MIMXRT1064.o [1]
  .text              ro code  0x7000'5334     0x8  startup_MIMXRT1064.o [1]
  .text              ro code  0x7000'533c     0x8  startup_MIMXRT1064.o [1]
  .text              ro code  0x7000'5344     0x8  startup_MIMXRT1064.o [1]
  .text              ro code  0x7000'534c     0x8  startup_MIMXRT1064.o [1]
  .text              ro code  0x7000'5354     0x8  startup_MIMXRT1064.o [1]
  .text              ro code  0x7000'535c     0x8  startup_MIMXRT1064.o [1]
  .text              ro code  0x7000'5364     0x8  startup_MIMXRT1064.o [1]
  .text              ro code  0x7000'536c     0x8  startup_MIMXRT1064.o [1]
  .text              ro code  0x7000'5374     0x8  startup_MIMXRT1064.o [1]
  .text              ro code  0x7000'537c     0x8  startup_MIMXRT1064.o [1]
  .text              ro code  0x7000'5384     0x8  startup_MIMXRT1064.o [1]
  .text              ro code  0x7000'538c     0x8  startup_MIMXRT1064.o [1]
  .text              ro code  0x7000'5394     0x8  startup_MIMXRT1064.o [1]
  .text              ro code  0x7000'539c     0x8  startup_MIMXRT1064.o [1]
  .text              ro code  0x7000'53a4     0x8  startup_MIMXRT1064.o [1]
  .text              ro code  0x7000'53ac     0x8  startup_MIMXRT1064.o [1]
  .text              ro code  0x7000'53b4     0x8  startup_MIMXRT1064.o [1]
  .text              ro code  0x7000'53bc     0x8  startup_MIMXRT1064.o [1]
  .text              ro code  0x7000'53c4     0x8  startup_MIMXRT1064.o [1]
  .text              ro code  0x7000'53cc     0x8  startup_MIMXRT1064.o [1]
  .text              ro code  0x7000'53d4     0x8  startup_MIMXRT1064.o [1]
  .text              ro code  0x7000'53dc     0x8  startup_MIMXRT1064.o [1]
  .rodata            const    0x7000'53e4     0x4  adc_polling.o [1]
  .text              ro code  0x7000'53e8     0x4  startup_MIMXRT1064.o [1]
  .text              ro code  0x7000'53ec     0x2  startup_MIMXRT1064.o [1]
  .rodata            const    0x7000'53ee     0x0  zero_init3.o [4]
  .rodata            const    0x7000'53ee     0x0  copy_init3.o [4]
                            - 0x7000'53ee  0x2fee

Unused ranges:

         From           To       Size
         ----           --       ----
  0x2000'0064  0x2001'fbff   0x1'fb9c
  0x7000'53ee  0x703f'ffff  0x3f'ac12


*******************************************************************************
*** INIT TABLE
***

          Address      Size
          -------      ----
Zero (__iar_zero_init3)
    1 destination range, total size 0x55:
          0x2000'000c  0x55

Copy (__iar_copy_init3)
    1 source range, total size 0xc:
          0x7000'51d0   0xc
    1 destination range, total size 0xc:
          0x2000'0000   0xc



*******************************************************************************
*** MODULE SUMMARY
***

    Module                ro code  ro data  rw data
    ------                -------  -------  -------
command line/config:
    -----------------------------------------------
    Total:

H:\PROJECTS\PV4 & WB3 Hardware\Firmware\SDK_2.8.0_MIMXRT1064xxxxA_New\boards\evkmimxrt1064\driver_examples\adc\polling\iar\debug\obj: [1]
    adc_polling.o             276      348
    board.o                   740      188
    clock_config.o          2'224      180
    fsl_adc.o                 712      456
    fsl_assert.o               28       44
    fsl_clock.o               472      128        8
    fsl_debug_console.o       256      156       32
    fsl_lpuart.o              276      124       40
    fsl_str.o               1'196
    lpuart_adapter.o          112      164
    pin_mux.o                 312      128
    serial_manager.o          212      152
    serial_port_uart.o        100      148
    startup_MIMXRT1064.o    1'502
    system_MIMXRT1064.o       346        4        4
    -----------------------------------------------
    Total:                  8'764    2'220       84

dl7M_tln.a: [2]
    XShttio.o                  60        8        9
    abort.o                     6
    exit.o                      4
    low_level_init.o            4
    printf.o                   40
    putchar.o                  32
    xfail_s.o                  64                 4
    xprintfsmall_nomb.o     1'281
    xprout.o                   22
    -----------------------------------------------
    Total:                  1'513        8       13

m7M_tlv.a: [3]
    fpinit_M.o                 34
    -----------------------------------------------
    Total:                     34

rt7M_tl.a: [4]
    ABImemset.o               102
    cexit.o                    10
    cmain.o                    30
    copy_init3.o               46
    cstartup_M.o               12
    data_init.o                40
    memchr.o                   88
    strchr.o                   22
    strlen.o                   54
    zero_init3.o               58
    -----------------------------------------------
    Total:                    462

shb_l.a: [5]
    dwrite.o                   30
    exit.o                     20
    iarttio.o                 124
    iarwrite.o                 34
    iarwstd.o                  32
    write.o                    16
    -----------------------------------------------
    Total:                    256

    Gaps                        1
    Linker created                      36    1'024
---------------------------------------------------
    Grand Total:           11'030    2'264    1'121


*******************************************************************************
*** ENTRY LIST
***

Entry                       Address   Size  Type      Object
-----                       -------   ----  ----      ------
.iar.init_table$$Base   0x7000'4f6c          --   Gb  - Linker created -
.iar.init_table$$Limit  0x7000'4f90          --   Gb  - Linker created -
?main                   0x7000'5021         Code  Gb  cmain.o [4]
ADC_DoAutoCalibration   0x7000'43a7   0x74  Code  Gb  fsl_adc.o [1]
ADC_EnableHardwareTrigger
                        0x7000'4721   0x1c  Code  Lc  adc_polling.o [1]
ADC_EnableHardwareTrigger
                        0x7000'421d   0x1c  Code  Lc  fsl_adc.o [1]
ADC_GetChannelConversionValue
                        0x7000'46d9   0x22  Code  Lc  adc_polling.o [1]
ADC_GetChannelConversionValue
                        0x7000'41d5   0x22  Code  Lc  fsl_adc.o [1]
ADC_GetChannelStatusFlags
                        0x7000'46fb   0x26  Code  Lc  adc_polling.o [1]
ADC_GetChannelStatusFlags
                        0x7000'41f7   0x26  Code  Lc  fsl_adc.o [1]
ADC_GetDefaultConfig    0x7000'4311   0x54  Code  Gb  fsl_adc.o [1]
ADC_GetInstance         0x7000'423d   0x2e  Code  Lc  fsl_adc.o [1]
ADC_GetStatusFlags      0x7000'4239    0x4  Code  Lc  fsl_adc.o [1]
ADC_Init                0x7000'426b   0xa6  Code  Gb  fsl_adc.o [1]
ADC_SetChannelConfig    0x7000'4365   0x42  Code  Gb  fsl_adc.o [1]
ARM_MPU_Disable         0x7000'3eb5   0x1a  Code  Lc  board.o [1]
ARM_MPU_Enable          0x7000'3e99   0x1c  Code  Lc  board.o [1]
BOARD_BootClockRUN      0x7000'2601  0x55a  Code  Gb  clock_config.o [1]
BOARD_ConfigMPU         0x7000'3ecf  0x222  Code  Gb  board.o [1]
BOARD_InitPins          0x7000'461f   0x94  Code  Gb  pin_mux.o [1]
CLOCK_ControlGate       0x7000'24ed   0x48  Code  Lc  clock_config.o [1]
CLOCK_ControlGate       0x7000'417d   0x48  Code  Lc  fsl_adc.o [1]
CLOCK_ControlGate       0x7000'45a1   0x42  Code  Lc  pin_mux.o [1]
CLOCK_DeinitAudioPll    0x7000'2dff    0xc  Code  Gb  fsl_clock.o [1]
CLOCK_DeinitEnetPll     0x7000'2e0b    0xc  Code  Gb  fsl_clock.o [1]
CLOCK_DeinitUsb2Pll     0x7000'2df5    0xa  Code  Gb  fsl_clock.o [1]
CLOCK_DisableClock      0x7000'2535   0x10  Code  Lc  clock_config.o [1]
CLOCK_EnableClock       0x7000'41c5   0x10  Code  Lc  fsl_adc.o [1]
CLOCK_EnableClock       0x7000'45e3   0x10  Code  Lc  pin_mux.o [1]
CLOCK_InitArmPll        0x7000'2d41   0x40  Code  Gb  fsl_clock.o [1]
CLOCK_InitExternalClk   0x7000'2ccd   0x4a  Code  Gb  fsl_clock.o [1]
CLOCK_InitRcOsc24M      0x7000'2d33    0xe  Code  Gb  fsl_clock.o [1]
CLOCK_InitSysPfd        0x7000'2e17   0x40  Code  Gb  fsl_clock.o [1]
CLOCK_InitSysPll        0x7000'2d81   0x74  Code  Gb  fsl_clock.o [1]
CLOCK_SetDiv            0x7000'2477   0x76  Code  Lc  clock_config.o [1]
CLOCK_SetMux            0x7000'2401   0x76  Code  Lc  clock_config.o [1]
CLOCK_SetPllBypass      0x7000'2555   0x2c  Code  Lc  clock_config.o [1]
CLOCK_SetRtcXtalFreq    0x7000'254d    0x8  Code  Lc  clock_config.o [1]
CLOCK_SetXtalFreq       0x7000'2545    0x8  Code  Lc  clock_config.o [1]
CLOCK_SwitchOsc         0x7000'2d17   0x1c  Code  Gb  fsl_clock.o [1]
CSTACK$$Base            0x2001'fc00          --   Gb  - Linker created -
CSTACK$$Limit           0x2002'0000          --   Gb  - Linker created -
ConvertRadixNumToString
                        0x7000'32a5   0xc8  Code  Lc  fsl_str.o [1]
DbgConsole_PrintCallback
                        0x7000'2f03   0x3e  Code  Lc  fsl_debug_console.o [1]
DbgConsole_Printf       0x7000'2f41   0x4a  Code  Gb  fsl_debug_console.o [1]
DbgConsole_SendDataReliable
                        0x7000'2ea5   0x5e  Code  Gb  fsl_debug_console.o [1]
HAL_UartSendBlocking    0x7000'368d   0x5a  Code  Gb  lpuart_adapter.o [1]
IOMUXC_EnableMode       0x7000'2581   0x1c  Code  Lc  clock_config.o [1]
IOMUXC_MQSConfig        0x7000'25dd   0x24  Code  Lc  clock_config.o [1]
IOMUXC_SetPinConfig     0x7000'460f   0x10  Code  Lc  pin_mux.o [1]
IOMUXC_SetPinMux        0x7000'45f3   0x1c  Code  Lc  pin_mux.o [1]
IOMUXC_SetSaiMClkClockSource
                        0x7000'259d   0x40  Code  Lc  clock_config.o [1]
LPUART1_DriverIRQHandler
                        0x7000'3749   0x14  Code  Gb  fsl_lpuart.o [1]
LPUART2_DriverIRQHandler
                        0x7000'375d   0x14  Code  Gb  fsl_lpuart.o [1]
LPUART3_DriverIRQHandler
                        0x7000'3771   0x14  Code  Gb  fsl_lpuart.o [1]
LPUART4_DriverIRQHandler
                        0x7000'3785   0x14  Code  Gb  fsl_lpuart.o [1]
LPUART5_DriverIRQHandler
                        0x7000'3799   0x14  Code  Gb  fsl_lpuart.o [1]
LPUART6_DriverIRQHandler
                        0x7000'37ad   0x14  Code  Gb  fsl_lpuart.o [1]
LPUART7_DriverIRQHandler
                        0x7000'37c1   0x14  Code  Gb  fsl_lpuart.o [1]
LPUART8_DriverIRQHandler
                        0x7000'37d5   0x14  Code  Gb  fsl_lpuart.o [1]
LPUART_WriteBlocking    0x7000'36fd   0x42  Code  Gb  fsl_lpuart.o [1]
PrintGetPrecision       0x7000'3127   0x52  Code  Lc  fsl_str.o [1]
PrintGetRadixFromobpu   0x7000'3279   0x2c  Code  Lc  fsl_str.o [1]
PrintGetWidth           0x7000'30df   0x48  Code  Lc  fsl_str.o [1]
PrintIsdi               0x7000'31a3   0x1a  Code  Lc  fsl_str.o [1]
PrintIsfF               0x7000'3245   0x1a  Code  Lc  fsl_str.o [1]
PrintIsobpu             0x7000'3179   0x2a  Code  Lc  fsl_str.o [1]
PrintIsxX               0x7000'325f   0x1a  Code  Lc  fsl_str.o [1]
PrintOutputdifFobpu     0x7000'31bd   0x44  Code  Lc  fsl_str.o [1]
PrintOutputxX           0x7000'3201   0x44  Code  Lc  fsl_str.o [1]
RW$$Base                0x2000'0000          --   Gb  - Linker created -
RW$$Limit               0x2000'000c          --   Gb  - Linker created -
Region$$Table$$Base     0x7000'4f6c          --   Gb  - Linker created -
Region$$Table$$Limit    0x7000'4f90          --   Gb  - Linker created -
SerialManager_StartWriting
                        0x7000'2fa5   0x2c  Code  Lc  serial_manager.o [1]
SerialManager_Write     0x7000'2fd1   0x80  Code  Lc  serial_manager.o [1]
SerialManager_WriteBlocking
                        0x7000'3051   0x14  Code  Gb  serial_manager.o [1]
Serial_UartWrite        0x7000'35c5   0x52  Code  Gb  serial_port_uart.o [1]
StrFormatPrintf         0x7000'336d  0x21e  Code  Gb  fsl_str.o [1]
SystemCoreClock         0x2000'0000    0x4  Data  Gb  system_MIMXRT1064.o [1]
SystemInit              0x7000'4445  0x11c  Code  Gb  system_MIMXRT1064.o [1]
ZI$$Base                0x2000'000c          --   Gb  - Linker created -
ZI$$Limit               0x2000'0064          --   Gb  - Linker created -
_LitobSmallNoMb         0x7000'3bcf   0xce  Code  Lc  xprintfsmall_nomb.o [2]
_PrintfSmallNoMb        0x7000'3811  0x3b2  Code  Gb  xprintfsmall_nomb.o [2]
_Prout                  0x7000'50d5   0x16  Code  Gb  xprout.o [2]
_PutcharSmallNoMb       0x7000'3c9d   0x20  Code  Lc  xprintfsmall_nomb.o [2]
_PutcharsSmallNoMb      0x7000'3cbd   0x2e  Code  Lc  xprintfsmall_nomb.o [2]
__NCACHE_REGION_SIZE {Abs}
                                0x0         Data  Gb  <internal module>
__NCACHE_REGION_START {Abs}
                        0x2020'0000         Data  Gb  <internal module>
__RAM_VECTOR_TABLE_SIZE {Abs}
                                0x0         Data  Gb  <internal module>
__VECTOR_RAM {Abs}      0x7000'2000         Data  Gb  <internal module>
__VECTOR_TABLE {Abs}    0x7000'2000         Data  Gb  <internal module>
__Vectors               0x7000'2000          --   Gb  startup_MIMXRT1064.o [1]
__Vectors_End           0x7000'2400         Data  Gb  startup_MIMXRT1064.o [1]
__Vectors_Size {Abs}          0x400          --   Gb  startup_MIMXRT1064.o [1]
__aeabi_assert          0x7000'2cb1   0x1c  Code  Gb  fsl_assert.o [1]
__aeabi_memset          0x7000'3079         Code  Gb  ABImemset.o [4]
__cmain                 0x7000'5021         Code  Gb  cmain.o [4]
__dwrite                0x7000'4fe1   0x1e  Code  Gb  dwrite.o [5]
__exit                  0x7000'3dcd   0x14  Code  Gb  exit.o [5]
__iar_Fail_s            0x7000'3d2d   0x1c  Code  Gb  xfail_s.o [2]
__iar_Memchr            0x7000'3d6d         Code  Gb  memchr.o [4]
__iar_Memset            0x7000'3079         Code  Gb  ABImemset.o [4]
__iar_Memset_word       0x7000'3081         Code  Gb  ABImemset.o [4]
__iar_Strchr            0x7000'3d15         Code  Gb  strchr.o [4]
__iar_close_ttio        0x7000'3de1   0x2c  Code  Gb  iarttio.o [5]
__iar_copy_init3        0x7000'365f   0x2e  Code  Gb  copy_init3.o [4]
__iar_data_init3        0x7000'4eb9   0x28  Code  Gb  data_init.o [4]
__iar_get_ttio          0x7000'3e0d   0x4c  Code  Gb  iarttio.o [5]
__iar_init_vfp          0x7000'4f29         Code  Gb  fpinit_M.o [3]
__iar_lookup_ttioh      0x7000'3e8b    0x4  Code  Gb  XShttio.o [2]
__iar_program_start     0x7000'51c5         Code  Gb  cstartup_M.o [4]
__iar_sh_stdout         0x7000'4fff   0x20  Code  Gb  iarwstd.o [5]
__iar_sh_write          0x7000'4f4b   0x22  Code  Gb  iarwrite.o [5]
__iar_ttio_guard_lock   0x7000'3e5d   0x1e  Code  Gb  XShttio.o [2]
__iar_ttio_guard_unlock
                        0x7000'3e7b   0x10  Code  Gb  XShttio.o [2]
__iar_ttio_handles      0x2000'0004    0x8  Data  Lc  XShttio.o [2]
__iar_zero_init3        0x7000'358b   0x3a  Code  Gb  zero_init3.o [4]
__low_level_init        0x7000'503f    0x4  Code  Gb  low_level_init.o [2]
__vector_table          0x7000'2000         Data  Gb  startup_MIMXRT1064.o [1]
__vector_table_0x1c     0x7000'201c         Data  Gb  startup_MIMXRT1064.o [1]
__write                 0x7000'4fd1   0x10  Code  Gb  write.o [5]
_call_main              0x7000'502d         Code  Gb  cmain.o [4]
_exit                   0x7000'5049         Code  Gb  cexit.o [4]
_main                   0x7000'503b         Code  Gb  cmain.o [4]
abort                   0x7000'3dc5    0x6  Code  Gb  abort.o [2]
armPllConfig_BOARD_BootClockRUN
                        0x7000'51ec    0x8  Data  Gb  clock_config.o [1]
exit                    0x7000'5043    0x4  Code  Gb  exit.o [2]
g_Adc_12bitFullRange    0x7000'53e4    0x4  Data  Gb  adc_polling.o [1]
g_rtcXtalFreq           0x2000'0010    0x4  Data  Gb  fsl_clock.o [1]
g_serialHandle          0x2000'0030    0x4  Data  Gb  fsl_debug_console.o [1]
g_xtalFreq              0x2000'000c    0x4  Data  Gb  fsl_clock.o [1]
m_boot_hdr_conf_start {Abs}
                        0x7000'0000         Data  Gb  <internal module>
main                    0x7000'473d   0x88  Code  Gb  adc_polling.o [1]
memchr                  0x7000'3d6d         Code  Gb  memchr.o [4]
printf                  0x7000'47ed   0x28  Code  Gb  printf.o [2]
putchar                 0x7000'4fb1   0x20  Code  Gb  putchar.o [2]
s_LpuartAdapterBase     0x7000'4f04   0x24  Data  Lc  lpuart_adapter.o [1]
s_adcBases              0x7000'5194    0xc  Data  Lc  fsl_adc.o [1]
s_adcClocks             0x7000'51f4    0x8  Data  Lc  fsl_adc.o [1]
s_debugConsoleState     0x2000'0014   0x1c  Data  Lc  fsl_debug_console.o [1]
s_lpuartHandle          0x2000'0034   0x24  Data  Lc  fsl_lpuart.o [1]
s_lpuartIsr             0x2000'0058    0x4  Data  Lc  fsl_lpuart.o [1]
sec_hand                0x2000'005c    0x4  Data  Lc  xfail_s.o [2]
strchr                  0x7000'3d15         Code  Gb  strchr.o [4]
strlen                  0x7000'3629         Code  Gb  strlen.o [4]
sysPllConfig_BOARD_BootClockRUN
                        0x7000'5100   0x14  Data  Gb  clock_config.o [1]
ttio_guard              0x2000'0060    0x1  Data  Lc  XShttio.o [2]


[1] = H:\PROJECTS\PV4 & WB3 Hardware\Firmware\SDK_2.8.0_MIMXRT1064xxxxA_New\boards\evkmimxrt1064\driver_examples\adc\polling\iar\debug\obj
[2] = dl7M_tln.a
[3] = m7M_tlv.a
[4] = rt7M_tl.a
[5] = shb_l.a

  11'030 bytes of readonly  code memory
   2'264 bytes of readonly  data memory
   1'121 bytes of readwrite data memory

Errors: none
Warnings: none
