###############################################################################
#
# IAR ELF Linker V8.50.4.261/W32 for ARM                  24/Jul/2020  14:28:52
# Copyright 2007-2020 IAR Systems AB.
#
#    Output file  =
#        C:\Users\dfowler\Downloads\SDK_2.8.0_MIMXRT1064xxxxA_New\boards\evkmimxrt1064\driver_examples\canfd\interrupt_transfer\iar\debug\canfd_interrupt_transfer.out
#    Map file     =
#        C:\Users\dfowler\Downloads\SDK_2.8.0_MIMXRT1064xxxxA_New\boards\evkmimxrt1064\driver_examples\canfd\interrupt_transfer\iar\debug\list\canfd_interrupt_transfer.map
#    Command line =
#        -f C:\Users\dfowler\AppData\Local\Temp\EW8F8D.tmp
#        (C:\Users\dfowler\Downloads\SDK_2.8.0_MIMXRT1064xxxxA_New\boards\evkmimxrt1064\driver_examples\canfd\interrupt_transfer\iar\debug\obj\board.o
#        C:\Users\dfowler\Downloads\SDK_2.8.0_MIMXRT1064xxxxA_New\boards\evkmimxrt1064\driver_examples\canfd\interrupt_transfer\iar\debug\obj\clock_config.o
#        C:\Users\dfowler\Downloads\SDK_2.8.0_MIMXRT1064xxxxA_New\boards\evkmimxrt1064\driver_examples\canfd\interrupt_transfer\iar\debug\obj\dcd.o
#        C:\Users\dfowler\Downloads\SDK_2.8.0_MIMXRT1064xxxxA_New\boards\evkmimxrt1064\driver_examples\canfd\interrupt_transfer\iar\debug\obj\evkmimxrt1064_flexspi_nor_config.o
#        C:\Users\dfowler\Downloads\SDK_2.8.0_MIMXRT1064xxxxA_New\boards\evkmimxrt1064\driver_examples\canfd\interrupt_transfer\iar\debug\obj\flexcan_interrupt_transfer.o
#        C:\Users\dfowler\Downloads\SDK_2.8.0_MIMXRT1064xxxxA_New\boards\evkmimxrt1064\driver_examples\canfd\interrupt_transfer\iar\debug\obj\fsl_assert.o
#        C:\Users\dfowler\Downloads\SDK_2.8.0_MIMXRT1064xxxxA_New\boards\evkmimxrt1064\driver_examples\canfd\interrupt_transfer\iar\debug\obj\fsl_clock.o
#        C:\Users\dfowler\Downloads\SDK_2.8.0_MIMXRT1064xxxxA_New\boards\evkmimxrt1064\driver_examples\canfd\interrupt_transfer\iar\debug\obj\fsl_common.o
#        C:\Users\dfowler\Downloads\SDK_2.8.0_MIMXRT1064xxxxA_New\boards\evkmimxrt1064\driver_examples\canfd\interrupt_transfer\iar\debug\obj\fsl_debug_console.o
#        C:\Users\dfowler\Downloads\SDK_2.8.0_MIMXRT1064xxxxA_New\boards\evkmimxrt1064\driver_examples\canfd\interrupt_transfer\iar\debug\obj\fsl_flexcan.o
#        C:\Users\dfowler\Downloads\SDK_2.8.0_MIMXRT1064xxxxA_New\boards\evkmimxrt1064\driver_examples\canfd\interrupt_transfer\iar\debug\obj\fsl_flexspi_nor_boot.o
#        C:\Users\dfowler\Downloads\SDK_2.8.0_MIMXRT1064xxxxA_New\boards\evkmimxrt1064\driver_examples\canfd\interrupt_transfer\iar\debug\obj\fsl_gpio.o
#        C:\Users\dfowler\Downloads\SDK_2.8.0_MIMXRT1064xxxxA_New\boards\evkmimxrt1064\driver_examples\canfd\interrupt_transfer\iar\debug\obj\fsl_lpuart.o
#        C:\Users\dfowler\Downloads\SDK_2.8.0_MIMXRT1064xxxxA_New\boards\evkmimxrt1064\driver_examples\canfd\interrupt_transfer\iar\debug\obj\fsl_str.o
#        C:\Users\dfowler\Downloads\SDK_2.8.0_MIMXRT1064xxxxA_New\boards\evkmimxrt1064\driver_examples\canfd\interrupt_transfer\iar\debug\obj\generic_list.o
#        C:\Users\dfowler\Downloads\SDK_2.8.0_MIMXRT1064xxxxA_New\boards\evkmimxrt1064\driver_examples\canfd\interrupt_transfer\iar\debug\obj\lpuart_adapter.o
#        C:\Users\dfowler\Downloads\SDK_2.8.0_MIMXRT1064xxxxA_New\boards\evkmimxrt1064\driver_examples\canfd\interrupt_transfer\iar\debug\obj\pin_mux.o
#        C:\Users\dfowler\Downloads\SDK_2.8.0_MIMXRT1064xxxxA_New\boards\evkmimxrt1064\driver_examples\canfd\interrupt_transfer\iar\debug\obj\serial_manager.o
#        C:\Users\dfowler\Downloads\SDK_2.8.0_MIMXRT1064xxxxA_New\boards\evkmimxrt1064\driver_examples\canfd\interrupt_transfer\iar\debug\obj\serial_port_uart.o
#        C:\Users\dfowler\Downloads\SDK_2.8.0_MIMXRT1064xxxxA_New\boards\evkmimxrt1064\driver_examples\canfd\interrupt_transfer\iar\debug\obj\startup_MIMXRT1064.o
#        C:\Users\dfowler\Downloads\SDK_2.8.0_MIMXRT1064xxxxA_New\boards\evkmimxrt1064\driver_examples\canfd\interrupt_transfer\iar\debug\obj\system_MIMXRT1064.o
#        --redirect _Printf=_PrintfSmallNoMb --redirect _Scanf=_ScanfSmallNoMb
#        --no_out_extension -o
#        C:\Users\dfowler\Downloads\SDK_2.8.0_MIMXRT1064xxxxA_New\boards\evkmimxrt1064\driver_examples\canfd\interrupt_transfer\iar\debug\canfd_interrupt_transfer.out
#        --map
#        C:\Users\dfowler\Downloads\SDK_2.8.0_MIMXRT1064xxxxA_New\boards\evkmimxrt1064\driver_examples\canfd\interrupt_transfer\iar\debug\list\canfd_interrupt_transfer.map
#        --config
#        C:\Users\dfowler\Downloads\SDK_2.8.0_MIMXRT1064xxxxA_New\boards\evkmimxrt1064\driver_examples\canfd\interrupt_transfer\iar\MIMXRT1064xxxxx_flexspi_nor.icf
#        --semihosting --entry __iar_program_start --vfe --text_out locale)
#
###############################################################################

*******************************************************************************
*** RUNTIME MODEL ATTRIBUTES
***

CppFlavor       = *
__Heap_Handler  = DLMalloc
__SystemLibrary = DLib
__dlib_version  = 6


*******************************************************************************
*** HEAP SELECTION
***

The advanced heap was selected because the application calls memory
allocation functions outside of system library functions, and there
are calls to deallocation functions in the application.


*******************************************************************************
*** PLACEMENT SUMMARY
***

"A0":  place at address 0x7000'2000 { ro section .intvec };
"A1":  place at address 0x7000'0000 { section .boot_hdr.conf };
"A2":  place at address 0x7000'1000 { section .boot_hdr.ivt };
"A3":  place at address 0x7000'1020 { ro section .boot_hdr.boot_data };
"P1":  place in [from 0x7000'2000 to 0x7000'23ff] |
                [from 0x7000'2400 to 0x703f'ffff] { ro };
define block RW { rw };
"P2":  place in [from 0x2000'0000 to 0x2001'fbff] { block RW };
define block ZI { zi };
"P3":  place in [from 0x2000'0000 to 0x2001'fbff] { block ZI };
define block NCACHE_VAR { section NonCacheable, section NonCacheable.init };
"P5":  place in [from 0x2000'0000 to 0x2001'fbff] { block NCACHE_VAR };
define block CSTACK with size = 1K, alignment = 8 { };
"P6":  place in [from 0x2001'fc00 to 0x2001'ffff] { block CSTACK };
initialize by copy { rw, section .textrw };
keep {
   section .boot_hdr.conf, section .boot_hdr.ivt, section .boot_hdr.boot_data,
   section .boot_hdr.dcd_data };

No sections matched the following patterns:

  ro section .boot_hdr.dcd_data  in "A4"
  section NonCacheable           in block NCACHE_VAR
  section NonCacheable.init      in block NCACHE_VAR


  Section              Kind         Address    Size  Object
  -------              ----         -------    ----  ------
"P2-P3|P5", part 1 of 2:                        0x4
  RW                            0x2000'0000     0x4  <Block>
    RW-1                        0x2000'0000     0x4  <Init block>
      .data            inited   0x2000'0000     0x4  system_MIMXRT1064.o [1]
                              - 0x2000'0004     0x4

"P2-P3|P5", part 2 of 2:                      0x3dc
  ZI                            0x2000'0004   0x3dc  <Block>
    .bss               zero     0x2000'0004   0x350  flexcan_interrupt_transfer.o [1]
    .bss               zero     0x2000'0354     0xc  flexcan_interrupt_transfer.o [1]
    .bss               zero     0x2000'0360    0x10  flexcan_interrupt_transfer.o [1]
    .bss               zero     0x2000'0370     0x4  flexcan_interrupt_transfer.o [1]
    .bss               zero     0x2000'0374     0x4  flexcan_interrupt_transfer.o [1]
    .bss               zero     0x2000'0378     0x4  fsl_clock.o [1]
    .bss               zero     0x2000'037c     0x4  fsl_clock.o [1]
    .bss               zero     0x2000'0380    0x1c  fsl_debug_console.o [1]
    .bss               zero     0x2000'039c     0x4  fsl_debug_console.o [1]
    .bss               zero     0x2000'03a0    0x10  fsl_flexcan.o [1]
    .bss               zero     0x2000'03b0     0x4  fsl_flexcan.o [1]
    .bss               zero     0x2000'03b4    0x24  fsl_lpuart.o [1]
    .bss               zero     0x2000'03d8     0x4  fsl_lpuart.o [1]
    .bss               zero     0x2000'03dc     0x1  flexcan_interrupt_transfer.o [1]
    .bss               zero     0x2000'03dd     0x1  flexcan_interrupt_transfer.o [1]
    .bss               zero     0x2000'03de     0x1  flexcan_interrupt_transfer.o [1]
                              - 0x2000'03e0   0x3dc

"P6":                                         0x400
  CSTACK                        0x2001'fc00   0x400  <Block>
    CSTACK             uninit   0x2001'fc00   0x400  <Block tail>
                              - 0x2002'0000   0x400

"A1":                                         0x200
  .boot_hdr.conf       const    0x7000'0000   0x200  evkmimxrt1064_flexspi_nor_config.o [1]
                              - 0x7000'0200   0x200

"A2":                                          0x20
  .boot_hdr.ivt        const    0x7000'1000    0x20  fsl_flexspi_nor_boot.o [1]
                              - 0x7000'1020    0x20

"A3":                                          0x10
  .boot_hdr.boot_data  const    0x7000'1020    0x10  fsl_flexspi_nor_boot.o [1]
                              - 0x7000'1030    0x10

"A0":                                         0x400
  .intvec              ro code  0x7000'2000   0x400  startup_MIMXRT1064.o [1]
                              - 0x7000'2400   0x400

"P1":                                        0x5654
  .text                ro code  0x7000'2400  0x1834  fsl_flexcan.o [1]
  .text                ro code  0x7000'3c34    0x1c  fsl_assert.o [1]
  .text                ro code  0x7000'3c50    0xa6  ABImemcpy.o [4]
  .text                ro code  0x7000'3cf6    0x3a  zero_init3.o [4]
  .text                ro code  0x7000'3d30    0x66  ABImemset.o [4]
  .text                ro code  0x7000'3d96    0x2e  copy_init3.o [4]
  .text                ro code  0x7000'3dc4    0x22  I64Shl.o [4]
  .text                ro code  0x7000'3de6     0x2  startup_MIMXRT1064.o [1]
  .text                ro code  0x7000'3de8   0x220  fsl_debug_console.o [1]
  .text                ro code  0x7000'4008   0x22c  serial_manager.o [1]
  .text                ro code  0x7000'4234   0x4ac  fsl_str.o [1]
  .text                ro code  0x7000'46e0    0xd4  serial_port_uart.o [1]
  .text                ro code  0x7000'47b4    0x36  strlen.o [4]
  .text                ro code  0x7000'47ea     0x2  startup_MIMXRT1064.o [1]
  .text                ro code  0x7000'47ec   0x16c  lpuart_adapter.o [1]
  .text                ro code  0x7000'4958   0x4a4  fsl_lpuart.o [1]
  .text                ro code  0x7000'4dfc   0x8b0  clock_config.o [1]
  .text                ro code  0x7000'56ac   0x864  fsl_clock.o [1]
  .text                ro code  0x7000'5f10   0x3b4  board.o [1]
  .text                ro code  0x7000'62c4   0x298  flexcan_interrupt_transfer.o [1]
  .text                ro code  0x7000'655c   0x170  pin_mux.o [1]
  .text                ro code  0x7000'66cc    0x84  fsl_common.o [1]
  .text                ro code  0x7000'6750   0x230  I64DivMod.o [4]
  .text                ro code  0x7000'6980     0x2  I64DivZer.o [4]
  .text                ro code  0x7000'6982     0x2  startup_MIMXRT1064.o [1]
  .text                ro code  0x7000'6984   0x15a  system_MIMXRT1064.o [1]
  .text                ro code  0x7000'6ade     0x2  startup_MIMXRT1064.o [1]
  .rodata              const    0x7000'6ae0    0xe0  fsl_flexcan.o [1]
  .rodata              const    0x7000'6bc0    0x80  board.o [1]
  .rodata              const    0x7000'6c40    0x78  fsl_debug_console.o [1]
  .rodata              const    0x7000'6cb8    0x68  serial_port_uart.o [1]
  .rodata              const    0x7000'6d20    0x64  fsl_common.o [1]
  .rodata              const    0x7000'6d84    0x64  fsl_flexcan.o [1]
  .rodata              const    0x7000'6de8    0x64  fsl_lpuart.o [1]
  .rodata              const    0x7000'6e4c    0x64  serial_manager.o [1]
  .rodata              const    0x7000'6eb0    0x60  clock_config.o [1]
  .rodata              const    0x7000'6f10    0x60  flexcan_interrupt_transfer.o [1]
  .rodata              const    0x7000'6f70    0x60  fsl_clock.o [1]
  .rodata              const    0x7000'6fd0    0x60  fsl_flexcan.o [1]
  .rodata              const    0x7000'7030    0x60  fsl_lpuart.o [1]
  .rodata              const    0x7000'7090    0x60  pin_mux.o [1]
  .rodata              const    0x7000'70f0    0x5c  lpuart_adapter.o [1]
  .rodata              const    0x7000'714c    0x4c  lpuart_adapter.o [1]
  .rodata              const    0x7000'7198    0x44  fsl_flexcan.o [1]
  .rodata              const    0x7000'71dc    0x44  fsl_flexcan.o [1]
  .rodata              const    0x7000'7220    0x40  fsl_lpuart.o [1]
  .rodata              const    0x7000'7260    0x2c  fsl_assert.o [1]
  .rodata              const    0x7000'728c    0x2c  fsl_flexcan.o [1]
  .rodata              const    0x7000'72b8    0x28  fsl_debug_console.o [1]
  .rodata              const    0x7000'72e0    0x28  fsl_flexcan.o [1]
  .rodata              const    0x7000'7308    0x28  fsl_flexcan.o [1]
  .rodata              const    0x7000'7330    0x28  fsl_lpuart.o [1]
  .rodata              const    0x7000'7358    0x28  fsl_lpuart.o [1]
  .rodata              const    0x7000'7380    0x28  lpuart_adapter.o [1]
  .text                ro code  0x7000'73a8    0x28  startup_MIMXRT1064.o [1]
  .text                ro code  0x7000'73d0    0x28  data_init.o [4]
  .rodata              const    0x7000'73f8    0x24  fsl_flexcan.o [1]
  .rodata              const    0x7000'741c    0x24  fsl_flexcan.o [1]
  .rodata              const    0x7000'7440    0x24  fsl_lpuart.o [1]
  .rodata              const    0x7000'7464    0x24  lpuart_adapter.o [1]
  .text                ro code  0x7000'7488    0x22  fpinit_M.o [3]
  .iar.init_table      const    0x7000'74ac    0x24  - Linker created -
  .text                ro code  0x7000'74d0     0x2  startup_MIMXRT1064.o [1]
  .rodata              const    0x7000'74d4    0x20  fsl_flexcan.o [1]
  .text                ro code  0x7000'74f4    0x1e  cmain.o [4]
  .text                ro code  0x7000'7512     0x4  low_level_init.o [2]
  .text                ro code  0x7000'7516     0x4  exit.o [2]
  .text                ro code  0x7000'751a     0x2  startup_MIMXRT1064.o [1]
  .text                ro code  0x7000'751c     0xa  cexit.o [4]
  .text                ro code  0x7000'7526     0x2  startup_MIMXRT1064.o [1]
  .text                ro code  0x7000'7528    0x14  exit.o [5]
  .rodata              const    0x7000'753c    0x1c  board.o [1]
  .rodata              const    0x7000'7558    0x1c  fsl_flexcan.o [1]
  .rodata              const    0x7000'7574    0x1c  fsl_flexcan.o [1]
  .rodata              const    0x7000'7590    0x1c  fsl_lpuart.o [1]
  .rodata              const    0x7000'75ac    0x18  board.o [1]
  .rodata              const    0x7000'75c4    0x18  clock_config.o [1]
  .rodata              const    0x7000'75dc    0x18  flexcan_interrupt_transfer.o [1]
  .rodata              const    0x7000'75f4    0x18  fsl_common.o [1]
  .rodata              const    0x7000'760c    0x18  fsl_flexcan.o [1]
  .rodata              const    0x7000'7624    0x18  fsl_flexcan.o [1]
  .rodata              const    0x7000'763c    0x18  fsl_flexcan.o [1]
  .rodata              const    0x7000'7654    0x18  fsl_flexcan.o [1]
  .rodata              const    0x7000'766c    0x18  fsl_flexcan.o [1]
  .rodata              const    0x7000'7684    0x14  clock_config.o [1]
  .rodata              const    0x7000'7698    0x14  fsl_lpuart.o [1]
  .rodata              const    0x7000'76ac    0x10  clock_config.o [1]
  .rodata              const    0x7000'76bc    0x10  fsl_clock.o [1]
  .rodata              const    0x7000'76cc    0x10  fsl_clock.o [1]
  .rodata              const    0x7000'76dc    0x10  fsl_common.o [1]
  .rodata              const    0x7000'76ec    0x10  fsl_debug_console.o [1]
  .rodata              const    0x7000'76fc    0x10  fsl_flexcan.o [1]
  .rodata              const    0x7000'770c    0x10  fsl_flexcan.o [1]
  .rodata              const    0x7000'771c    0x10  fsl_flexcan.o [1]
  .rodata              const    0x7000'772c    0x10  fsl_flexcan.o [1]
  .rodata              const    0x7000'773c    0x10  fsl_flexcan.o [1]
  .rodata              const    0x7000'774c    0x10  fsl_flexcan.o [1]
  .rodata              const    0x7000'775c    0x10  fsl_lpuart.o [1]
  .rodata              const    0x7000'776c    0x10  pin_mux.o [1]
  .rodata              const    0x7000'777c    0x10  serial_manager.o [1]
  .rodata              const    0x7000'778c    0x10  serial_port_uart.o [1]
  .rodata              const    0x7000'779c    0x10  serial_port_uart.o [1]
  .rodata              const    0x7000'77ac     0xc  fsl_debug_console.o [1]
  .rodata              const    0x7000'77b8     0xc  fsl_flexcan.o [1]
  .rodata              const    0x7000'77c4     0xc  fsl_lpuart.o [1]
  .rodata              const    0x7000'77d0     0xc  fsl_lpuart.o [1]
  .rodata              const    0x7000'77dc     0xc  serial_manager.o [1]
  .rodata              const    0x7000'77e8     0xc  serial_manager.o [1]
  .text                ro code  0x7000'77f4     0xc  cstartup_M.o [4]
  .rodata              const    0x7000'7800     0x8  board.o [1]
  .rodata              const    0x7000'7808     0x8  clock_config.o [1]
  .rodata              const    0x7000'7810     0x8  fsl_debug_console.o [1]
  .rodata              const    0x7000'7818     0x8  fsl_flexcan.o [1]
  .rodata              const    0x7000'7820     0x8  fsl_flexcan.o [1]
  .rodata              const    0x7000'7828     0x8  fsl_flexcan.o [1]
  .rodata              const    0x7000'7830     0x8  fsl_flexcan.o [1]
  .rodata              const    0x7000'7838     0x8  fsl_flexcan.o [1]
  .rodata              const    0x7000'7840     0x8  fsl_flexcan.o [1]
  .rodata              const    0x7000'7848     0x8  fsl_flexcan.o [1]
  .rodata              const    0x7000'7850     0x8  fsl_flexcan.o [1]
  .rodata              const    0x7000'7858     0x8  lpuart_adapter.o [1]
  .rodata              const    0x7000'7860     0x8  lpuart_adapter.o [1]
  .rodata              const    0x7000'7868     0x8  lpuart_adapter.o [1]
  .rodata              const    0x7000'7870     0x8  lpuart_adapter.o [1]
  .rodata              const    0x7000'7878     0x8  serial_manager.o [1]
  .rodata              const    0x7000'7880     0x8  serial_manager.o [1]
  .rodata              const    0x7000'7888     0x8  serial_manager.o [1]
  .rodata              const    0x7000'7890     0x8  serial_manager.o [1]
  .rodata              const    0x7000'7898     0x8  serial_port_uart.o [1]
  .rodata              const    0x7000'78a0     0x8  serial_port_uart.o [1]
  .text                ro code  0x7000'78a8     0x8  startup_MIMXRT1064.o [1]
  .text                ro code  0x7000'78b0     0x8  startup_MIMXRT1064.o [1]
  .text                ro code  0x7000'78b8     0x8  startup_MIMXRT1064.o [1]
  .text                ro code  0x7000'78c0     0x8  startup_MIMXRT1064.o [1]
  .text                ro code  0x7000'78c8     0x8  startup_MIMXRT1064.o [1]
  .text                ro code  0x7000'78d0     0x8  startup_MIMXRT1064.o [1]
  .text                ro code  0x7000'78d8     0x8  startup_MIMXRT1064.o [1]
  .text                ro code  0x7000'78e0     0x8  startup_MIMXRT1064.o [1]
  .text                ro code  0x7000'78e8     0x8  startup_MIMXRT1064.o [1]
  .text                ro code  0x7000'78f0     0x8  startup_MIMXRT1064.o [1]
  .text                ro code  0x7000'78f8     0x8  startup_MIMXRT1064.o [1]
  .text                ro code  0x7000'7900     0x8  startup_MIMXRT1064.o [1]
  .text                ro code  0x7000'7908     0x8  startup_MIMXRT1064.o [1]
  .text                ro code  0x7000'7910     0x8  startup_MIMXRT1064.o [1]
  .text                ro code  0x7000'7918     0x8  startup_MIMXRT1064.o [1]
  .text                ro code  0x7000'7920     0x8  startup_MIMXRT1064.o [1]
  .text                ro code  0x7000'7928     0x8  startup_MIMXRT1064.o [1]
  .text                ro code  0x7000'7930     0x8  startup_MIMXRT1064.o [1]
  .text                ro code  0x7000'7938     0x8  startup_MIMXRT1064.o [1]
  .text                ro code  0x7000'7940     0x8  startup_MIMXRT1064.o [1]
  .text                ro code  0x7000'7948     0x8  startup_MIMXRT1064.o [1]
  .text                ro code  0x7000'7950     0x8  startup_MIMXRT1064.o [1]
  .text                ro code  0x7000'7958     0x8  startup_MIMXRT1064.o [1]
  .text                ro code  0x7000'7960     0x8  startup_MIMXRT1064.o [1]
  .text                ro code  0x7000'7968     0x8  startup_MIMXRT1064.o [1]
  .text                ro code  0x7000'7970     0x8  startup_MIMXRT1064.o [1]
  .text                ro code  0x7000'7978     0x8  startup_MIMXRT1064.o [1]
  .text                ro code  0x7000'7980     0x8  startup_MIMXRT1064.o [1]
  .text                ro code  0x7000'7988     0x8  startup_MIMXRT1064.o [1]
  .text                ro code  0x7000'7990     0x8  startup_MIMXRT1064.o [1]
  .text                ro code  0x7000'7998     0x8  startup_MIMXRT1064.o [1]
  .text                ro code  0x7000'79a0     0x8  startup_MIMXRT1064.o [1]
  .text                ro code  0x7000'79a8     0x8  startup_MIMXRT1064.o [1]
  .text                ro code  0x7000'79b0     0x8  startup_MIMXRT1064.o [1]
  .text                ro code  0x7000'79b8     0x8  startup_MIMXRT1064.o [1]
  .text                ro code  0x7000'79c0     0x8  startup_MIMXRT1064.o [1]
  .text                ro code  0x7000'79c8     0x8  startup_MIMXRT1064.o [1]
  .text                ro code  0x7000'79d0     0x8  startup_MIMXRT1064.o [1]
  .text                ro code  0x7000'79d8     0x8  startup_MIMXRT1064.o [1]
  .text                ro code  0x7000'79e0     0x8  startup_MIMXRT1064.o [1]
  .text                ro code  0x7000'79e8     0x8  startup_MIMXRT1064.o [1]
  .text                ro code  0x7000'79f0     0x8  startup_MIMXRT1064.o [1]
  .text                ro code  0x7000'79f8     0x8  startup_MIMXRT1064.o [1]
  .text                ro code  0x7000'7a00     0x8  startup_MIMXRT1064.o [1]
  .text                ro code  0x7000'7a08     0x8  startup_MIMXRT1064.o [1]
  .text                ro code  0x7000'7a10     0x8  startup_MIMXRT1064.o [1]
  .text                ro code  0x7000'7a18     0x8  startup_MIMXRT1064.o [1]
  .text                ro code  0x7000'7a20     0x8  startup_MIMXRT1064.o [1]
  .text                ro code  0x7000'7a28     0x8  startup_MIMXRT1064.o [1]
  .text                ro code  0x7000'7a30     0x8  startup_MIMXRT1064.o [1]
  .text                ro code  0x7000'7a38     0x8  startup_MIMXRT1064.o [1]
  .text                ro code  0x7000'7a40     0x8  startup_MIMXRT1064.o [1]
  .text                ro code  0x7000'7a48     0x4  startup_MIMXRT1064.o [1]
  Initializer bytes    const    0x7000'7a4c     0x4  <for RW-1>
  .text                ro code  0x7000'7a50     0x2  startup_MIMXRT1064.o [1]
  .text                ro code  0x7000'7a52     0x2  startup_MIMXRT1064.o [1]
  .rodata              const    0x7000'7a54     0x0  zero_init3.o [4]
  .rodata              const    0x7000'7a54     0x0  copy_init3.o [4]
                              - 0x7000'7a54  0x5654

Unused ranges:

         From           To       Size
         ----           --       ----
  0x2000'03e0  0x2001'fbff   0x1'f820
  0x7000'7a54  0x703f'ffff  0x3f'85ac


*******************************************************************************
*** INIT TABLE
***

          Address      Size
          -------      ----
Zero (__iar_zero_init3)
    1 destination range, total size 0x3db:
          0x2000'0004  0x3db

Copy (__iar_copy_init3)
    1 source range, total size 0x4:
          0x7000'7a4c    0x4
    1 destination range, total size 0x4:
          0x2000'0000    0x4



*******************************************************************************
*** MODULE SUMMARY
***

    Module                              ro code  ro data  rw data
    ------                              -------  -------  -------
command line/config:
    -------------------------------------------------------------
    Total:

C:\Users\dfowler\Downloads\SDK_2.8.0_MIMXRT1064xxxxA_New\boards\evkmimxrt1064\driver_examples\canfd\interrupt_transfer\iar\debug\obj: [1]
    board.o                                 948      188
    clock_config.o                        2'224      164
    evkmimxrt1064_flexspi_nor_config.o               512
    flexcan_interrupt_transfer.o            664      120      887
    fsl_assert.o                             28       44
    fsl_clock.o                           2'148      128        8
    fsl_common.o                            132      140
    fsl_debug_console.o                     544      196       32
    fsl_flexcan.o                         6'196    1'132       20
    fsl_flexspi_nor_boot.o                            48
    fsl_lpuart.o                          1'188      464       40
    fsl_str.o                             1'196
    lpuart_adapter.o                        364      276
    pin_mux.o                               368      112
    serial_manager.o                        556      172
    serial_port_uart.o                      212      152
    startup_MIMXRT1064.o                  1'502
    system_MIMXRT1064.o                     346        4        4
    -------------------------------------------------------------
    Total:                               18'616    3'852      991

dl7M_tln.a: [2]
    exit.o                                    4
    low_level_init.o                          4
    -------------------------------------------------------------
    Total:                                    8

m7M_tlv.a: [3]
    fpinit_M.o                               34
    -------------------------------------------------------------
    Total:                                   34

rt7M_tl.a: [4]
    ABImemcpy.o                             166
    ABImemset.o                             102
    I64DivMod.o                             560
    I64DivZer.o                               2
    I64Shl.o                                 34
    cexit.o                                  10
    cmain.o                                  30
    copy_init3.o                             46
    cstartup_M.o                             12
    data_init.o                              40
    strlen.o                                 54
    zero_init3.o                             58
    -------------------------------------------------------------
    Total:                                1'114

shb_l.a: [5]
    exit.o                                   20
    -------------------------------------------------------------
    Total:                                   20

    Gaps                                               4
    Linker created                                    36    1'024
-----------------------------------------------------------------
    Grand Total:                         19'792    3'892    2'015


*******************************************************************************
*** ENTRY LIST
***

Entry                       Address   Size  Type      Object
-----                       -------   ----  ----      ------
.iar.init_table$$Base   0x7000'74ac          --   Gb  - Linker created -
.iar.init_table$$Limit  0x7000'74d0          --   Gb  - Linker created -
?main                   0x7000'74f5         Code  Gb  cmain.o [4]
ARM_MPU_Disable         0x7000'5f2d   0x1a  Code  Lc  board.o [1]
ARM_MPU_Enable          0x7000'5f11   0x1c  Code  Lc  board.o [1]
BOARD_BootClockRUN      0x7000'4ffd  0x55a  Code  Gb  clock_config.o [1]
BOARD_ConfigMPU         0x7000'5fff  0x222  Code  Gb  board.o [1]
BOARD_DebugConsoleSrcFreq
                        0x7000'5fad   0x3a  Code  Gb  board.o [1]
BOARD_InitDebugConsole  0x7000'5fe7   0x18  Code  Gb  board.o [1]
BOARD_InitPins          0x7000'65db   0xc0  Code  Gb  pin_mux.o [1]
CAN1_DriverIRQHandler   0x7000'3b5b   0x2a  Code  Gb  fsl_flexcan.o [1]
CAN2_DriverIRQHandler   0x7000'3b85   0x2a  Code  Gb  fsl_flexcan.o [1]
CAN3_DriverIRQHandler   0x7000'3baf   0x2a  Code  Gb  fsl_flexcan.o [1]
CLOCK_ControlGate       0x7000'4ee9   0x48  Code  Lc  clock_config.o [1]
CLOCK_ControlGate       0x7000'2421   0x48  Code  Lc  fsl_flexcan.o [1]
CLOCK_ControlGate       0x7000'4959   0x48  Code  Lc  fsl_lpuart.o [1]
CLOCK_ControlGate       0x7000'655d   0x42  Code  Lc  pin_mux.o [1]
CLOCK_DeinitAudioPll    0x7000'5a8d    0xc  Code  Gb  fsl_clock.o [1]
CLOCK_DeinitEnetPll     0x7000'5a99    0xc  Code  Gb  fsl_clock.o [1]
CLOCK_DeinitUsb2Pll     0x7000'5a83    0xa  Code  Gb  fsl_clock.o [1]
CLOCK_DisableClock      0x7000'4f31   0x10  Code  Lc  clock_config.o [1]
CLOCK_EnableClock       0x7000'2469   0x10  Code  Lc  fsl_flexcan.o [1]
CLOCK_EnableClock       0x7000'49a1   0x10  Code  Lc  fsl_lpuart.o [1]
CLOCK_EnableClock       0x7000'659f   0x10  Code  Lc  pin_mux.o [1]
CLOCK_GetAhbFreq        0x7000'5831   0x18  Code  Gb  fsl_clock.o [1]
CLOCK_GetDiv            0x7000'5f71   0x2a  Code  Lc  board.o [1]
CLOCK_GetFreq           0x7000'58b9  0x114  Code  Gb  fsl_clock.o [1]
CLOCK_GetIpgFreq        0x7000'587d   0x18  Code  Gb  fsl_clock.o [1]
CLOCK_GetMux            0x7000'5f47   0x2a  Code  Lc  board.o [1]
CLOCK_GetOscFreq        0x7000'5f9b   0x12  Code  Lc  board.o [1]
CLOCK_GetOscFreq        0x7000'56ad   0x18  Code  Lc  fsl_clock.o [1]
CLOCK_GetPerClkFreq     0x7000'5895   0x24  Code  Gb  fsl_clock.o [1]
CLOCK_GetPeriphClkFreq  0x7000'5713   0xaa  Code  Lc  fsl_clock.o [1]
CLOCK_GetPllBypassRefClk
                        0x7000'56f1   0x22  Code  Lc  fsl_clock.o [1]
CLOCK_GetPllFreq        0x7000'5aa5  0x2b2  Code  Gb  fsl_clock.o [1]
CLOCK_GetRtcFreq        0x7000'56c5    0x6  Code  Lc  fsl_clock.o [1]
CLOCK_GetSemcFreq       0x7000'5849   0x34  Code  Gb  fsl_clock.o [1]
CLOCK_GetSysPfdFreq     0x7000'5dad   0x60  Code  Gb  fsl_clock.o [1]
CLOCK_GetUsb1PfdFreq    0x7000'5e0d   0x60  Code  Gb  fsl_clock.o [1]
CLOCK_InitArmPll        0x7000'59cf   0x40  Code  Gb  fsl_clock.o [1]
CLOCK_InitExternalClk   0x7000'57bd   0x4a  Code  Gb  fsl_clock.o [1]
CLOCK_InitRcOsc24M      0x7000'5823    0xe  Code  Gb  fsl_clock.o [1]
CLOCK_InitSysPfd        0x7000'5d57   0x40  Code  Gb  fsl_clock.o [1]
CLOCK_InitSysPll        0x7000'5a0f   0x74  Code  Gb  fsl_clock.o [1]
CLOCK_IsPllBypassed     0x7000'56cb   0x10  Code  Lc  fsl_clock.o [1]
CLOCK_IsPllEnabled      0x7000'56db   0x16  Code  Lc  fsl_clock.o [1]
CLOCK_SetDiv            0x7000'4e73   0x76  Code  Lc  clock_config.o [1]
CLOCK_SetDiv            0x7000'6333   0x6e  Code  Lc  flexcan_interrupt_transfer.o [1]
CLOCK_SetMux            0x7000'4dfd   0x76  Code  Lc  clock_config.o [1]
CLOCK_SetMux            0x7000'62c5   0x6e  Code  Lc  flexcan_interrupt_transfer.o [1]
CLOCK_SetPllBypass      0x7000'4f51   0x2c  Code  Lc  clock_config.o [1]
CLOCK_SetRtcXtalFreq    0x7000'4f49    0x8  Code  Lc  clock_config.o [1]
CLOCK_SetXtalFreq       0x7000'4f41    0x8  Code  Lc  clock_config.o [1]
CLOCK_SwitchOsc         0x7000'5807   0x1c  Code  Gb  fsl_clock.o [1]
CSTACK$$Base            0x2001'fc00          --   Gb  - Linker created -
CSTACK$$Limit           0x2002'0000          --   Gb  - Linker created -
ConvertRadixNumToString
                        0x7000'43fb   0xc8  Code  Lc  fsl_str.o [1]
DbgConsole_Init         0x7000'3e85  0x116  Code  Gb  fsl_debug_console.o [1]
DbgConsole_PrintCallback
                        0x7000'3e47   0x3e  Code  Lc  fsl_debug_console.o [1]
DbgConsole_Printf       0x7000'3f9b   0x4a  Code  Gb  fsl_debug_console.o [1]
DbgConsole_SendDataReliable
                        0x7000'3de9   0x5e  Code  Gb  fsl_debug_console.o [1]
DelayLoop               0x7000'66cd    0xa  Code  Lc  fsl_common.o [1]
DisableGlobalIRQ        0x7000'4009    0x8  Code  Lc  serial_manager.o [1]
EnableGlobalIRQ         0x7000'4011    0x6  Code  Lc  serial_manager.o [1]
EnableIRQ               0x7000'2479   0x20  Code  Lc  fsl_flexcan.o [1]
FLEXCAN_CheckUnhandleInterruptEvents
                        0x7000'3889   0x66  Code  Lc  fsl_flexcan.o [1]
FLEXCAN_ClearMbStatusFlags
                        0x7000'24bb    0x6  Code  Lc  fsl_flexcan.o [1]
FLEXCAN_ClearStatusFlags
                        0x7000'249d    0x4  Code  Lc  fsl_flexcan.o [1]
FLEXCAN_DisableInterrupts
                        0x7000'24d9   0x18  Code  Lc  fsl_flexcan.o [1]
FLEXCAN_DisableMbInterrupts
                        0x7000'24ff    0xe  Code  Lc  fsl_flexcan.o [1]
FLEXCAN_ERRATA_6032     0x7000'2f15   0x84  Code  Lc  fsl_flexcan.o [1]
FLEXCAN_Enable          0x7000'250d   0x28  Code  Lc  fsl_flexcan.o [1]
FLEXCAN_EnableInterrupts
                        0x7000'24c1   0x18  Code  Lc  fsl_flexcan.o [1]
FLEXCAN_EnableMbInterrupts
                        0x7000'24f1    0xe  Code  Lc  fsl_flexcan.o [1]
FLEXCAN_EnterFreezeMode
                        0x7000'256b   0x92  Code  Gb  fsl_flexcan.o [1]
FLEXCAN_ExitFreezeMode  0x7000'25fd   0x18  Code  Gb  fsl_flexcan.o [1]
FLEXCAN_GetDefaultConfig
                        0x7000'2a0f   0x82  Code  Gb  fsl_flexcan.o [1]
FLEXCAN_GetFDMailboxOffset
                        0x7000'2c21   0xca  Code  Lc  fsl_flexcan.o [1]
FLEXCAN_GetFirstValidMb
                        0x7000'2659   0x1e  Code  Lc  fsl_flexcan.o [1]
FLEXCAN_GetInstance     0x7000'2535   0x36  Code  Gb  fsl_flexcan.o [1]
FLEXCAN_GetMbStatusFlags
                        0x7000'24a1   0x1a  Code  Lc  fsl_flexcan.o [1]
FLEXCAN_GetStatusFlags  0x7000'2499    0x4  Code  Lc  fsl_flexcan.o [1]
FLEXCAN_Init            0x7000'284b  0x1c4  Code  Gb  fsl_flexcan.o [1]
FLEXCAN_IsMbIntEnabled  0x7000'2677   0x58  Code  Lc  fsl_flexcan.o [1]
FLEXCAN_IsMbOccupied    0x7000'2615   0x44  Code  Lc  fsl_flexcan.o [1]
FLEXCAN_ReadFDRxMb      0x7000'31e9  0x150  Code  Gb  fsl_flexcan.o [1]
FLEXCAN_ReadRxFifo      0x7000'3339   0x8c  Code  Gb  fsl_flexcan.o [1]
FLEXCAN_ReadRxMb        0x7000'30f9   0xf0  Code  Gb  fsl_flexcan.o [1]
FLEXCAN_Reset           0x7000'26cf   0xf2  Code  Lc  fsl_flexcan.o [1]
FLEXCAN_SetBaudRate     0x7000'27c1   0x8a  Code  Lc  fsl_flexcan.o [1]
FLEXCAN_SetFDTxMbConfig
                        0x7000'2d15   0xe2  Code  Gb  fsl_flexcan.o [1]
FLEXCAN_SetRxMbConfig   0x7000'2e05   0xe4  Code  Gb  fsl_flexcan.o [1]
FLEXCAN_SetRxMbGlobalMask
                        0x7000'2b63   0x1a  Code  Gb  fsl_flexcan.o [1]
FLEXCAN_SetTimingConfig
                        0x7000'2a91   0xd2  Code  Gb  fsl_flexcan.o [1]
FLEXCAN_SetTxMbConfig   0x7000'2b7d   0x9c  Code  Gb  fsl_flexcan.o [1]
FLEXCAN_SubHandlerForDataTransfered
                        0x7000'38ef  0x1e8  Code  Lc  fsl_flexcan.o [1]
FLEXCAN_TransferAbortReceive
                        0x7000'37a9   0x9a  Code  Gb  fsl_flexcan.o [1]
FLEXCAN_TransferAbortReceiveFifo
                        0x7000'3843   0x3c  Code  Gb  fsl_flexcan.o [1]
FLEXCAN_TransferAbortSend
                        0x7000'3599   0xb4  Code  Gb  fsl_flexcan.o [1]
FLEXCAN_TransferCreateHandle
                        0x7000'33cd   0xda  Code  Gb  fsl_flexcan.o [1]
FLEXCAN_TransferFDAbortReceive
                        0x7000'370d   0x9c  Code  Gb  fsl_flexcan.o [1]
FLEXCAN_TransferFDAbortSend
                        0x7000'364d   0xbc  Code  Gb  fsl_flexcan.o [1]
FLEXCAN_TransferHandleIRQ
                        0x7000'3ad9   0x82  Code  Gb  fsl_flexcan.o [1]
FLEXCAN_TransferSendNonBlocking
                        0x7000'34a7   0xea  Code  Gb  fsl_flexcan.o [1]
FLEXCAN_WriteTxMb       0x7000'2f99  0x156  Code  Gb  fsl_flexcan.o [1]
HAL_UartGetStatus       0x7000'47ed   0x10  Code  Lc  lpuart_adapter.o [1]
HAL_UartInit            0x7000'47fd   0xe2  Code  Gb  lpuart_adapter.o [1]
HAL_UartSendBlocking    0x7000'48df   0x5a  Code  Gb  lpuart_adapter.o [1]
IOMUXC_EnableMode       0x7000'4f7d   0x1c  Code  Lc  clock_config.o [1]
IOMUXC_MQSConfig        0x7000'4fd9   0x24  Code  Lc  clock_config.o [1]
IOMUXC_SetPinConfig     0x7000'65cb   0x10  Code  Lc  pin_mux.o [1]
IOMUXC_SetPinMux        0x7000'65af   0x1c  Code  Lc  pin_mux.o [1]
IOMUXC_SetSaiMClkClockSource
                        0x7000'4f99   0x40  Code  Lc  clock_config.o [1]
LPUART1_DriverIRQHandler
                        0x7000'4d31   0x14  Code  Gb  fsl_lpuart.o [1]
LPUART2_DriverIRQHandler
                        0x7000'4d45   0x14  Code  Gb  fsl_lpuart.o [1]
LPUART3_DriverIRQHandler
                        0x7000'4d59   0x14  Code  Gb  fsl_lpuart.o [1]
LPUART4_DriverIRQHandler
                        0x7000'4d6d   0x14  Code  Gb  fsl_lpuart.o [1]
LPUART5_DriverIRQHandler
                        0x7000'4d81   0x14  Code  Gb  fsl_lpuart.o [1]
LPUART6_DriverIRQHandler
                        0x7000'4d99   0x14  Code  Gb  fsl_lpuart.o [1]
LPUART7_DriverIRQHandler
                        0x7000'4dad   0x14  Code  Gb  fsl_lpuart.o [1]
LPUART8_DriverIRQHandler
                        0x7000'4dc1   0x14  Code  Gb  fsl_lpuart.o [1]
LPUART_GetDefaultConfig
                        0x7000'4c4d   0x6c  Code  Gb  fsl_lpuart.o [1]
LPUART_GetInstance      0x7000'49c3   0x34  Code  Gb  fsl_lpuart.o [1]
LPUART_Init             0x7000'49f7  0x256  Code  Gb  fsl_lpuart.o [1]
LPUART_SoftwareReset    0x7000'49b1   0x12  Code  Lc  fsl_lpuart.o [1]
LPUART_WriteBlocking    0x7000'4cb9   0x42  Code  Gb  fsl_lpuart.o [1]
PrintGetPrecision       0x7000'427d   0x52  Code  Lc  fsl_str.o [1]
PrintGetRadixFromobpu   0x7000'43cf   0x2c  Code  Lc  fsl_str.o [1]
PrintGetWidth           0x7000'4235   0x48  Code  Lc  fsl_str.o [1]
PrintIsdi               0x7000'42f9   0x1a  Code  Lc  fsl_str.o [1]
PrintIsfF               0x7000'439b   0x1a  Code  Lc  fsl_str.o [1]
PrintIsobpu             0x7000'42cf   0x2a  Code  Lc  fsl_str.o [1]
PrintIsxX               0x7000'43b5   0x1a  Code  Lc  fsl_str.o [1]
PrintOutputdifFobpu     0x7000'4313   0x44  Code  Lc  fsl_str.o [1]
PrintOutputxX           0x7000'4357   0x44  Code  Lc  fsl_str.o [1]
RW$$Base                0x2000'0000          --   Gb  - Linker created -
RW$$Limit               0x2000'0004          --   Gb  - Linker created -
Region$$Table$$Base     0x7000'74ac          --   Gb  - Linker created -
Region$$Table$$Limit    0x7000'74d0          --   Gb  - Linker created -
SDK_DelayAtLeastUs      0x7000'66d7   0x68  Code  Gb  fsl_common.o [1]
SerialManager_Init      0x7000'40c3   0x6a  Code  Gb  serial_manager.o [1]
SerialManager_OpenReadHandle
                        0x7000'418f   0x70  Code  Gb  serial_manager.o [1]
SerialManager_OpenWriteHandle
                        0x7000'412d   0x62  Code  Gb  serial_manager.o [1]
SerialManager_StartWriting
                        0x7000'4017   0x2c  Code  Lc  serial_manager.o [1]
SerialManager_Write     0x7000'4043   0x80  Code  Lc  serial_manager.o [1]
SerialManager_WriteBlocking
                        0x7000'41ff   0x14  Code  Gb  serial_manager.o [1]
Serial_UartInit         0x7000'46e1   0x6e  Code  Gb  serial_port_uart.o [1]
Serial_UartWrite        0x7000'474f   0x52  Code  Gb  serial_port_uart.o [1]
StrFormatPrintf         0x7000'44c3  0x21e  Code  Gb  fsl_str.o [1]
SystemCoreClock         0x2000'0000    0x4  Data  Gb  system_MIMXRT1064.o [1]
SystemInit              0x7000'6985  0x11c  Code  Gb  system_MIMXRT1064.o [1]
ZI$$Base                0x2000'0004          --   Gb  - Linker created -
ZI$$Limit               0x2000'03e0          --   Gb  - Linker created -
__NCACHE_REGION_SIZE {Abs}
                                0x0         Data  Gb  <internal module>
__NCACHE_REGION_START {Abs}
                        0x2020'0000         Data  Gb  <internal module>
__NVIC_EnableIRQ        0x7000'2401   0x20  Code  Lc  fsl_flexcan.o [1]
__RAM_VECTOR_TABLE_SIZE {Abs}
                                0x0         Data  Gb  <internal module>
__VECTOR_RAM {Abs}      0x7000'2000         Data  Gb  <internal module>
__VECTOR_TABLE {Abs}    0x7000'2000         Data  Gb  <internal module>
__Vectors               0x7000'2000          --   Gb  startup_MIMXRT1064.o [1]
__Vectors_End           0x7000'2400         Data  Gb  startup_MIMXRT1064.o [1]
__Vectors_Size {Abs}          0x400          --   Gb  startup_MIMXRT1064.o [1]
__aeabi_assert          0x7000'3c35   0x1c  Code  Gb  fsl_assert.o [1]
__aeabi_ldiv0           0x7000'6981         Code  Gb  I64DivZer.o [4]
__aeabi_llsl            0x7000'3dc5         Code  Gb  I64Shl.o [4]
__aeabi_memcpy          0x7000'3c51         Code  Gb  ABImemcpy.o [4]
__aeabi_memcpy4         0x7000'3c71         Code  Gb  ABImemcpy.o [4]
__aeabi_memcpy8         0x7000'3c71         Code  Gb  ABImemcpy.o [4]
__aeabi_memset          0x7000'3d31         Code  Gb  ABImemset.o [4]
__aeabi_uldivmod        0x7000'6751         Code  Gb  I64DivMod.o [4]
__cmain                 0x7000'74f5         Code  Gb  cmain.o [4]
__exit                  0x7000'7529   0x14  Code  Gb  exit.o [5]
__iar_Memset            0x7000'3d31         Code  Gb  ABImemset.o [4]
__iar_Memset_word       0x7000'3d39         Code  Gb  ABImemset.o [4]
__iar_copy_init3        0x7000'3d97   0x2e  Code  Gb  copy_init3.o [4]
__iar_data_init3        0x7000'73d1   0x28  Code  Gb  data_init.o [4]
__iar_init_vfp          0x7000'7489         Code  Gb  fpinit_M.o [3]
__iar_program_start     0x7000'77f5         Code  Gb  cstartup_M.o [4]
__iar_zero_init3        0x7000'3cf7   0x3a  Code  Gb  zero_init3.o [4]
__low_level_init        0x7000'7513    0x4  Code  Gb  low_level_init.o [2]
__vector_table          0x7000'2000         Data  Gb  startup_MIMXRT1064.o [1]
__vector_table_0x1c     0x7000'201c         Data  Gb  startup_MIMXRT1064.o [1]
_call_main              0x7000'7501         Code  Gb  cmain.o [4]
_exit                   0x7000'751d         Code  Gb  cexit.o [4]
_main                   0x7000'750f         Code  Gb  cmain.o [4]
armPllConfig_BOARD_BootClockRUN
                        0x7000'7808    0x8  Data  Gb  clock_config.o [1]
boot_data               0x7000'1020   0x10  Data  Gb  fsl_flexspi_nor_boot.o [1]
exit                    0x7000'7517    0x4  Code  Gb  exit.o [2]
flexcanHandle           0x2000'0004  0x350  Data  Gb  flexcan_interrupt_transfer.o [1]
flexcan_callback        0x7000'63a1   0x3a  Code  Lc  flexcan_interrupt_transfer.o [1]
frame                   0x2000'0360   0x10  Data  Gb  flexcan_interrupt_transfer.o [1]
g_rtcXtalFreq           0x2000'037c    0x4  Data  Gb  fsl_clock.o [1]
g_serialHandle          0x2000'039c    0x4  Data  Gb  fsl_debug_console.o [1]
g_xtalFreq              0x2000'0378    0x4  Data  Gb  fsl_clock.o [1]
image_vector_table      0x7000'1000   0x20  Data  Gb  fsl_flexspi_nor_boot.o [1]
m_boot_hdr_conf_start {Abs}
                        0x7000'0000         Data  Gb  <internal module>
main                    0x7000'63db  0x132  Code  Gb  flexcan_interrupt_transfer.o [1]
qspiflash_config        0x7000'0000  0x200  Data  Gb  evkmimxrt1064_flexspi_nor_config.o [1]
rxComplete              0x2000'03dd    0x1  Data  Gb  flexcan_interrupt_transfer.o [1]
rxIdentifier            0x2000'0374    0x4  Data  Gb  flexcan_interrupt_transfer.o [1]
s_LpuartAdapterBase     0x7000'7464   0x24  Data  Lc  lpuart_adapter.o [1]
s_debugConsoleState     0x2000'0380   0x1c  Data  Lc  fsl_debug_console.o [1]
s_flexcanBases          0x7000'774c   0x10  Data  Lc  fsl_flexcan.o [1]
s_flexcanBusOffIRQ      0x7000'7838    0x8  Data  Lc  fsl_flexcan.o [1]
s_flexcanClock          0x7000'7848    0x8  Data  Lc  fsl_flexcan.o [1]
s_flexcanErrorIRQ       0x7000'7830    0x8  Data  Lc  fsl_flexcan.o [1]
s_flexcanHandle         0x2000'03a0   0x10  Data  Lc  fsl_flexcan.o [1]
s_flexcanIsr            0x2000'03b0    0x4  Data  Lc  fsl_flexcan.o [1]
s_flexcanMbIRQ          0x7000'7840    0x8  Data  Lc  fsl_flexcan.o [1]
s_flexcanPeriphClock    0x7000'7850    0x8  Data  Lc  fsl_flexcan.o [1]
s_flexcanRxWarningIRQ   0x7000'7818    0x8  Data  Lc  fsl_flexcan.o [1]
s_flexcanTxWarningIRQ   0x7000'7820    0x8  Data  Lc  fsl_flexcan.o [1]
s_flexcanWakeUpIRQ      0x7000'7828    0x8  Data  Lc  fsl_flexcan.o [1]
s_lpuartBases           0x7000'7440   0x24  Data  Lc  fsl_lpuart.o [1]
s_lpuartClock           0x7000'7698   0x14  Data  Lc  fsl_lpuart.o [1]
s_lpuartHandle          0x2000'03b4   0x24  Data  Lc  fsl_lpuart.o [1]
s_lpuartIsr             0x2000'03d8    0x4  Data  Lc  fsl_lpuart.o [1]
strlen                  0x7000'47b5         Code  Gb  strlen.o [4]
sysPllConfig_BOARD_BootClockRUN
                        0x7000'7684   0x14  Data  Gb  clock_config.o [1]
txComplete              0x2000'03dc    0x1  Data  Gb  flexcan_interrupt_transfer.o [1]
txIdentifier            0x2000'0370    0x4  Data  Gb  flexcan_interrupt_transfer.o [1]
txXfer                  0x2000'0354    0xc  Data  Gb  flexcan_interrupt_transfer.o [1]
wakenUp                 0x2000'03de    0x1  Data  Gb  flexcan_interrupt_transfer.o [1]


[1] = C:\Users\dfowler\Downloads\SDK_2.8.0_MIMXRT1064xxxxA_New\boards\evkmimxrt1064\driver_examples\canfd\interrupt_transfer\iar\debug\obj
[2] = dl7M_tln.a
[3] = m7M_tlv.a
[4] = rt7M_tl.a
[5] = shb_l.a

  19'792 bytes of readonly  code memory
   3'892 bytes of readonly  data memory
   2'015 bytes of readwrite data memory

Errors: none
Warnings: none
