###############################################################################
#
# IAR ELF Linker V8.50.4.261/W32 for ARM                  06/Nov/2020  15:16:47
# Copyright 2007-2020 IAR Systems AB.
#
#    Output file  =
#        H:\PROJECTS\PV4 & WB3
#        Hardware\Firmware\SDK_2.8.0_MIMXRT1064xxxxA_New\boards\evkmimxrt1064\driver_examples\flexcan\interrupt_transfer\iar\debug\flexcan_interrupt_transfer.out
#    Map file     =
#        H:\PROJECTS\PV4 & WB3
#        Hardware\Firmware\SDK_2.8.0_MIMXRT1064xxxxA_New\boards\evkmimxrt1064\driver_examples\flexcan\interrupt_transfer\iar\debug\list\flexcan_interrupt_transfer.map
#    Command line =
#        -f C:\Users\dfowler\AppData\Local\Temp\EW3C30.tmp ("H:\PROJECTS\PV4 &
#        WB3
#        Hardware\Firmware\SDK_2.8.0_MIMXRT1064xxxxA_New\boards\evkmimxrt1064\driver_examples\flexcan\interrupt_transfer\iar\debug\obj\board.o"
#        "H:\PROJECTS\PV4 & WB3
#        Hardware\Firmware\SDK_2.8.0_MIMXRT1064xxxxA_New\boards\evkmimxrt1064\driver_examples\flexcan\interrupt_transfer\iar\debug\obj\clock_config.o"
#        "H:\PROJECTS\PV4 & WB3
#        Hardware\Firmware\SDK_2.8.0_MIMXRT1064xxxxA_New\boards\evkmimxrt1064\driver_examples\flexcan\interrupt_transfer\iar\debug\obj\dcd.o"
#        "H:\PROJECTS\PV4 & WB3
#        Hardware\Firmware\SDK_2.8.0_MIMXRT1064xxxxA_New\boards\evkmimxrt1064\driver_examples\flexcan\interrupt_transfer\iar\debug\obj\evkmimxrt1064_flexspi_nor_config.o"
#        "H:\PROJECTS\PV4 & WB3
#        Hardware\Firmware\SDK_2.8.0_MIMXRT1064xxxxA_New\boards\evkmimxrt1064\driver_examples\flexcan\interrupt_transfer\iar\debug\obj\flexcan_interrupt_transfer.o"
#        "H:\PROJECTS\PV4 & WB3
#        Hardware\Firmware\SDK_2.8.0_MIMXRT1064xxxxA_New\boards\evkmimxrt1064\driver_examples\flexcan\interrupt_transfer\iar\debug\obj\fsl_assert.o"
#        "H:\PROJECTS\PV4 & WB3
#        Hardware\Firmware\SDK_2.8.0_MIMXRT1064xxxxA_New\boards\evkmimxrt1064\driver_examples\flexcan\interrupt_transfer\iar\debug\obj\fsl_clock.o"
#        "H:\PROJECTS\PV4 & WB3
#        Hardware\Firmware\SDK_2.8.0_MIMXRT1064xxxxA_New\boards\evkmimxrt1064\driver_examples\flexcan\interrupt_transfer\iar\debug\obj\fsl_common.o"
#        "H:\PROJECTS\PV4 & WB3
#        Hardware\Firmware\SDK_2.8.0_MIMXRT1064xxxxA_New\boards\evkmimxrt1064\driver_examples\flexcan\interrupt_transfer\iar\debug\obj\fsl_debug_console.o"
#        "H:\PROJECTS\PV4 & WB3
#        Hardware\Firmware\SDK_2.8.0_MIMXRT1064xxxxA_New\boards\evkmimxrt1064\driver_examples\flexcan\interrupt_transfer\iar\debug\obj\fsl_flexcan.o"
#        "H:\PROJECTS\PV4 & WB3
#        Hardware\Firmware\SDK_2.8.0_MIMXRT1064xxxxA_New\boards\evkmimxrt1064\driver_examples\flexcan\interrupt_transfer\iar\debug\obj\fsl_flexspi_nor_boot.o"
#        "H:\PROJECTS\PV4 & WB3
#        Hardware\Firmware\SDK_2.8.0_MIMXRT1064xxxxA_New\boards\evkmimxrt1064\driver_examples\flexcan\interrupt_transfer\iar\debug\obj\fsl_gpio.o"
#        "H:\PROJECTS\PV4 & WB3
#        Hardware\Firmware\SDK_2.8.0_MIMXRT1064xxxxA_New\boards\evkmimxrt1064\driver_examples\flexcan\interrupt_transfer\iar\debug\obj\fsl_lpuart.o"
#        "H:\PROJECTS\PV4 & WB3
#        Hardware\Firmware\SDK_2.8.0_MIMXRT1064xxxxA_New\boards\evkmimxrt1064\driver_examples\flexcan\interrupt_transfer\iar\debug\obj\fsl_str.o"
#        "H:\PROJECTS\PV4 & WB3
#        Hardware\Firmware\SDK_2.8.0_MIMXRT1064xxxxA_New\boards\evkmimxrt1064\driver_examples\flexcan\interrupt_transfer\iar\debug\obj\generic_list.o"
#        "H:\PROJECTS\PV4 & WB3
#        Hardware\Firmware\SDK_2.8.0_MIMXRT1064xxxxA_New\boards\evkmimxrt1064\driver_examples\flexcan\interrupt_transfer\iar\debug\obj\lpuart_adapter.o"
#        "H:\PROJECTS\PV4 & WB3
#        Hardware\Firmware\SDK_2.8.0_MIMXRT1064xxxxA_New\boards\evkmimxrt1064\driver_examples\flexcan\interrupt_transfer\iar\debug\obj\pin_mux.o"
#        "H:\PROJECTS\PV4 & WB3
#        Hardware\Firmware\SDK_2.8.0_MIMXRT1064xxxxA_New\boards\evkmimxrt1064\driver_examples\flexcan\interrupt_transfer\iar\debug\obj\serial_manager.o"
#        "H:\PROJECTS\PV4 & WB3
#        Hardware\Firmware\SDK_2.8.0_MIMXRT1064xxxxA_New\boards\evkmimxrt1064\driver_examples\flexcan\interrupt_transfer\iar\debug\obj\serial_port_uart.o"
#        "H:\PROJECTS\PV4 & WB3
#        Hardware\Firmware\SDK_2.8.0_MIMXRT1064xxxxA_New\boards\evkmimxrt1064\driver_examples\flexcan\interrupt_transfer\iar\debug\obj\startup_MIMXRT1064.o"
#        "H:\PROJECTS\PV4 & WB3
#        Hardware\Firmware\SDK_2.8.0_MIMXRT1064xxxxA_New\boards\evkmimxrt1064\driver_examples\flexcan\interrupt_transfer\iar\debug\obj\system_MIMXRT1064.o"
#        --redirect _Printf=_PrintfSmallNoMb --redirect _Scanf=_ScanfSmallNoMb
#        --no_out_extension -o "H:\PROJECTS\PV4 & WB3
#        Hardware\Firmware\SDK_2.8.0_MIMXRT1064xxxxA_New\boards\evkmimxrt1064\driver_examples\flexcan\interrupt_transfer\iar\debug\flexcan_interrupt_transfer.out"
#        --map "H:\PROJECTS\PV4 & WB3
#        Hardware\Firmware\SDK_2.8.0_MIMXRT1064xxxxA_New\boards\evkmimxrt1064\driver_examples\flexcan\interrupt_transfer\iar\debug\list\flexcan_interrupt_transfer.map"
#        --config "H:\PROJECTS\PV4 & WB3
#        Hardware\Firmware\SDK_2.8.0_MIMXRT1064xxxxA_New\boards\evkmimxrt1064\driver_examples\flexcan\interrupt_transfer\iar/MIMXRT1064xxxxx_ram.icf"
#        --semihosting --entry __iar_program_start --vfe --text_out locale)
#
###############################################################################

*******************************************************************************
*** RUNTIME MODEL ATTRIBUTES
***

CppFlavor       = *
__Heap_Handler  = DLMalloc
__SystemLibrary = DLib
__dlib_version  = 6


*******************************************************************************
*** HEAP SELECTION
***

The advanced heap was selected because the application calls memory
allocation functions outside of system library functions, and there
are calls to deallocation functions in the application.


*******************************************************************************
*** PLACEMENT SUMMARY
***

"A0":  place at address 0x0 { ro section .intvec };
"P1":  place in [from 0x0 to 0x3ff] |
                [from 0x400 to 0x1'ffff] { ro };
define block RW { rw };
"P2":  place in [from 0x2000'0000 to 0x2001'fbff] { block RW };
define block ZI { zi };
"P3":  place in [from 0x2000'0000 to 0x2001'fbff] { block ZI };
define block NCACHE_VAR { section NonCacheable, section NonCacheable.init };
"P5":  place in [from 0x2000'0000 to 0x2001'fbff] { block NCACHE_VAR };
define block CSTACK with size = 1K, alignment = 8 { };
"P6":  place in [from 0x2001'fc00 to 0x2001'ffff] { block CSTACK };
initialize by copy { rw, section .textrw };

No sections matched the following patterns:

  section NonCacheable       in block NCACHE_VAR
  section NonCacheable.init  in block NCACHE_VAR


  Section            Kind         Address    Size  Object
  -------            ----         -------    ----  ------
"A0":                                       0x400
  .intvec            ro code          0x0   0x400  startup_MIMXRT1064.o [1]
                                  - 0x400   0x400

"P1":                                      0x5cd0
  .text              ro code        0x400  0x18f4  fsl_flexcan.o [1]
  .text              ro code       0x1cf4    0x1c  fsl_assert.o [1]
  .text              ro code       0x1d10    0xa6  ABImemcpy.o [4]
  .text              ro code       0x1db6    0x3a  zero_init3.o [4]
  .text              ro code       0x1df0    0x66  ABImemset.o [4]
  .text              ro code       0x1e56    0x2e  copy_init3.o [4]
  .text              ro code       0x1e84    0x22  I64Shl.o [4]
  .rodata            const         0x1ea6     0x2  clock_config.o [1]
  .text              ro code       0x1ea8   0x2a0  fsl_debug_console.o [1]
  .text              ro code       0x2148   0x2e0  serial_manager.o [1]
  .text              ro code       0x2428   0x4ac  fsl_str.o [1]
  .text              ro code       0x28d4   0x128  serial_port_uart.o [1]
  .text              ro code       0x29fc    0x36  strlen.o [4]
  .text              ro code       0x2a32     0x2  startup_MIMXRT1064.o [1]
  .text              ro code       0x2a34   0x1d0  lpuart_adapter.o [1]
  .text              ro code       0x2c04   0x608  fsl_lpuart.o [1]
  .text              ro code       0x320c   0x910  clock_config.o [1]
  .text              ro code       0x3b1c   0x8e4  fsl_clock.o [1]
  .text              ro code       0x4400   0x428  flexcan_interrupt_transfer.o [1]
  .text              ro code       0x4828   0x3a0  board.o [1]
  .text              ro code       0x4bc8   0x170  pin_mux.o [1]
  .text              ro code       0x4d38   0x15a  system_MIMXRT1064.o [1]
  .text              ro code       0x4e92     0x2  startup_MIMXRT1064.o [1]
  .rodata            const         0x4e94    0xe0  fsl_flexcan.o [1]
  .rodata            const         0x4f74    0x90  board.o [1]
  .rodata            const         0x5004    0x88  fsl_debug_console.o [1]
  .rodata            const         0x508c    0x74  serial_manager.o [1]
  .rodata            const         0x5100    0x74  serial_port_uart.o [1]
  .rodata            const         0x5174    0x70  clock_config.o [1]
  .rodata            const         0x51e4    0x70  flexcan_interrupt_transfer.o [1]
  .rodata            const         0x5254    0x70  fsl_clock.o [1]
  .rodata            const         0x52c4    0x70  fsl_flexcan.o [1]
  .rodata            const         0x5334    0x70  fsl_flexcan.o [1]
  .rodata            const         0x53a4    0x70  fsl_lpuart.o [1]
  .rodata            const         0x5414    0x70  fsl_lpuart.o [1]
  .rodata            const         0x5484    0x70  pin_mux.o [1]
  .rodata            const         0x54f4    0x68  lpuart_adapter.o [1]
  .rodata            const         0x555c    0x4c  lpuart_adapter.o [1]
  .rodata            const         0x55a8    0x44  fsl_flexcan.o [1]
  .rodata            const         0x55ec    0x44  fsl_flexcan.o [1]
  .rodata            const         0x5630    0x40  fsl_lpuart.o [1]
  .rodata            const         0x5670    0x34  flexcan_interrupt_transfer.o [1]
  .rodata            const         0x56a4    0x34  flexcan_interrupt_transfer.o [1]
  .rodata            const         0x56d8    0x34  flexcan_interrupt_transfer.o [1]
  .rodata            const         0x570c    0x34  flexcan_interrupt_transfer.o [1]
  .rodata            const         0x5740    0x34  flexcan_interrupt_transfer.o [1]
  .rodata            const         0x5774    0x30  flexcan_interrupt_transfer.o [1]
  .rodata            const         0x57a4    0x2c  flexcan_interrupt_transfer.o [1]
  .rodata            const         0x57d0    0x2c  flexcan_interrupt_transfer.o [1]
  .rodata            const         0x57fc    0x2c  fsl_assert.o [1]
  .rodata            const         0x5828    0x2c  fsl_flexcan.o [1]
  .rodata            const         0x5854    0x28  flexcan_interrupt_transfer.o [1]
  .rodata            const         0x587c    0x28  flexcan_interrupt_transfer.o [1]
  .rodata            const         0x58a4    0x28  flexcan_interrupt_transfer.o [1]
  .rodata            const         0x58cc    0x28  fsl_debug_console.o [1]
  .rodata            const         0x58f4    0x28  fsl_flexcan.o [1]
  .rodata            const         0x591c    0x28  fsl_flexcan.o [1]
  .rodata            const         0x5944    0x28  fsl_lpuart.o [1]
  .rodata            const         0x596c    0x28  fsl_lpuart.o [1]
  .rodata            const         0x5994    0x28  lpuart_adapter.o [1]
  .text              ro code       0x59bc    0x28  startup_MIMXRT1064.o [1]
  .text              ro code       0x59e4    0x28  data_init.o [4]
  .rodata            const         0x5a0c    0x24  flexcan_interrupt_transfer.o [1]
  .rodata            const         0x5a30    0x24  flexcan_interrupt_transfer.o [1]
  .rodata            const         0x5a54    0x24  fsl_flexcan.o [1]
  .rodata            const         0x5a78    0x24  fsl_flexcan.o [1]
  .rodata            const         0x5a9c    0x24  fsl_lpuart.o [1]
  .rodata            const         0x5ac0    0x24  lpuart_adapter.o [1]
  .text              ro code       0x5ae4    0x22  fpinit_M.o [3]
  .iar.init_table    const         0x5b08    0x24  - Linker created -
  .text              ro code       0x5b2c     0x2  startup_MIMXRT1064.o [1]
  .rodata            const         0x5b30    0x20  flexcan_interrupt_transfer.o [1]
  .rodata            const         0x5b50    0x20  fsl_flexcan.o [1]
  .text              ro code       0x5b70    0x1e  cmain.o [4]
  .text              ro code       0x5b8e     0x4  low_level_init.o [2]
  .text              ro code       0x5b92     0x4  exit.o [2]
  .text              ro code       0x5b96     0x2  startup_MIMXRT1064.o [1]
  .text              ro code       0x5b98     0xa  cexit.o [4]
  .text              ro code       0x5ba2     0x2  startup_MIMXRT1064.o [1]
  .text              ro code       0x5ba4    0x14  exit.o [5]
  .rodata            const         0x5bb8    0x1c  board.o [1]
  .rodata            const         0x5bd4    0x1c  flexcan_interrupt_transfer.o [1]
  .rodata            const         0x5bf0    0x1c  fsl_flexcan.o [1]
  .rodata            const         0x5c0c    0x1c  fsl_flexcan.o [1]
  .rodata            const         0x5c28    0x1c  fsl_lpuart.o [1]
  .rodata            const         0x5c44    0x18  board.o [1]
  .rodata            const         0x5c5c    0x18  clock_config.o [1]
  .rodata            const         0x5c74    0x18  flexcan_interrupt_transfer.o [1]
  .rodata            const         0x5c8c    0x18  fsl_flexcan.o [1]
  .rodata            const         0x5ca4    0x18  fsl_flexcan.o [1]
  .rodata            const         0x5cbc    0x18  fsl_flexcan.o [1]
  .rodata            const         0x5cd4    0x18  fsl_flexcan.o [1]
  .rodata            const         0x5cec    0x18  fsl_flexcan.o [1]
  .rodata            const         0x5d04    0x14  clock_config.o [1]
  .rodata            const         0x5d18    0x14  fsl_lpuart.o [1]
  .rodata            const         0x5d2c    0x10  clock_config.o [1]
  .rodata            const         0x5d3c    0x10  fsl_clock.o [1]
  .rodata            const         0x5d4c    0x10  fsl_clock.o [1]
  .rodata            const         0x5d5c    0x10  fsl_debug_console.o [1]
  .rodata            const         0x5d6c    0x10  fsl_flexcan.o [1]
  .rodata            const         0x5d7c    0x10  fsl_flexcan.o [1]
  .rodata            const         0x5d8c    0x10  fsl_flexcan.o [1]
  .rodata            const         0x5d9c    0x10  fsl_flexcan.o [1]
  .rodata            const         0x5dac    0x10  fsl_flexcan.o [1]
  .rodata            const         0x5dbc    0x10  fsl_flexcan.o [1]
  .rodata            const         0x5dcc    0x10  fsl_lpuart.o [1]
  .rodata            const         0x5ddc    0x10  pin_mux.o [1]
  .rodata            const         0x5dec    0x10  serial_manager.o [1]
  .rodata            const         0x5dfc    0x10  serial_port_uart.o [1]
  .rodata            const         0x5e0c    0x10  serial_port_uart.o [1]
  .rodata            const         0x5e1c     0xc  fsl_debug_console.o [1]
  .rodata            const         0x5e28     0xc  fsl_flexcan.o [1]
  .rodata            const         0x5e34     0xc  fsl_lpuart.o [1]
  .rodata            const         0x5e40     0xc  fsl_lpuart.o [1]
  .rodata            const         0x5e4c     0xc  serial_manager.o [1]
  .rodata            const         0x5e58     0xc  serial_manager.o [1]
  .text              ro code       0x5e64     0xc  cstartup_M.o [4]
  .rodata            const         0x5e70     0x8  board.o [1]
  .rodata            const         0x5e78     0x8  clock_config.o [1]
  .rodata            const         0x5e80     0x8  flexcan_interrupt_transfer.o [1]
  .rodata            const         0x5e88     0x8  fsl_debug_console.o [1]
  .rodata            const         0x5e90     0x8  fsl_flexcan.o [1]
  .rodata            const         0x5e98     0x8  fsl_flexcan.o [1]
  .rodata            const         0x5ea0     0x8  fsl_flexcan.o [1]
  .rodata            const         0x5ea8     0x8  fsl_flexcan.o [1]
  .rodata            const         0x5eb0     0x8  fsl_flexcan.o [1]
  .rodata            const         0x5eb8     0x8  fsl_flexcan.o [1]
  .rodata            const         0x5ec0     0x8  fsl_flexcan.o [1]
  .rodata            const         0x5ec8     0x8  fsl_flexcan.o [1]
  .rodata            const         0x5ed0     0x8  lpuart_adapter.o [1]
  .rodata            const         0x5ed8     0x8  lpuart_adapter.o [1]
  .rodata            const         0x5ee0     0x8  lpuart_adapter.o [1]
  .rodata            const         0x5ee8     0x8  lpuart_adapter.o [1]
  .rodata            const         0x5ef0     0x8  serial_manager.o [1]
  .rodata            const         0x5ef8     0x8  serial_manager.o [1]
  .rodata            const         0x5f00     0x8  serial_manager.o [1]
  .rodata            const         0x5f08     0x8  serial_manager.o [1]
  .rodata            const         0x5f10     0x8  serial_port_uart.o [1]
  .rodata            const         0x5f18     0x8  serial_port_uart.o [1]
  .text              ro code       0x5f20     0x8  startup_MIMXRT1064.o [1]
  .text              ro code       0x5f28     0x8  startup_MIMXRT1064.o [1]
  .text              ro code       0x5f30     0x8  startup_MIMXRT1064.o [1]
  .text              ro code       0x5f38     0x8  startup_MIMXRT1064.o [1]
  .text              ro code       0x5f40     0x8  startup_MIMXRT1064.o [1]
  .text              ro code       0x5f48     0x8  startup_MIMXRT1064.o [1]
  .text              ro code       0x5f50     0x8  startup_MIMXRT1064.o [1]
  .text              ro code       0x5f58     0x8  startup_MIMXRT1064.o [1]
  .text              ro code       0x5f60     0x8  startup_MIMXRT1064.o [1]
  .text              ro code       0x5f68     0x8  startup_MIMXRT1064.o [1]
  .text              ro code       0x5f70     0x8  startup_MIMXRT1064.o [1]
  .text              ro code       0x5f78     0x8  startup_MIMXRT1064.o [1]
  .text              ro code       0x5f80     0x8  startup_MIMXRT1064.o [1]
  .text              ro code       0x5f88     0x8  startup_MIMXRT1064.o [1]
  .text              ro code       0x5f90     0x8  startup_MIMXRT1064.o [1]
  .text              ro code       0x5f98     0x8  startup_MIMXRT1064.o [1]
  .text              ro code       0x5fa0     0x8  startup_MIMXRT1064.o [1]
  .text              ro code       0x5fa8     0x8  startup_MIMXRT1064.o [1]
  .text              ro code       0x5fb0     0x8  startup_MIMXRT1064.o [1]
  .text              ro code       0x5fb8     0x8  startup_MIMXRT1064.o [1]
  .text              ro code       0x5fc0     0x8  startup_MIMXRT1064.o [1]
  .text              ro code       0x5fc8     0x8  startup_MIMXRT1064.o [1]
  .text              ro code       0x5fd0     0x8  startup_MIMXRT1064.o [1]
  .text              ro code       0x5fd8     0x8  startup_MIMXRT1064.o [1]
  .text              ro code       0x5fe0     0x8  startup_MIMXRT1064.o [1]
  .text              ro code       0x5fe8     0x8  startup_MIMXRT1064.o [1]
  .text              ro code       0x5ff0     0x8  startup_MIMXRT1064.o [1]
  .text              ro code       0x5ff8     0x8  startup_MIMXRT1064.o [1]
  .text              ro code       0x6000     0x8  startup_MIMXRT1064.o [1]
  .text              ro code       0x6008     0x8  startup_MIMXRT1064.o [1]
  .text              ro code       0x6010     0x8  startup_MIMXRT1064.o [1]
  .text              ro code       0x6018     0x8  startup_MIMXRT1064.o [1]
  .text              ro code       0x6020     0x8  startup_MIMXRT1064.o [1]
  .text              ro code       0x6028     0x8  startup_MIMXRT1064.o [1]
  .text              ro code       0x6030     0x8  startup_MIMXRT1064.o [1]
  .text              ro code       0x6038     0x8  startup_MIMXRT1064.o [1]
  .text              ro code       0x6040     0x8  startup_MIMXRT1064.o [1]
  .text              ro code       0x6048     0x8  startup_MIMXRT1064.o [1]
  .text              ro code       0x6050     0x8  startup_MIMXRT1064.o [1]
  .text              ro code       0x6058     0x8  startup_MIMXRT1064.o [1]
  .text              ro code       0x6060     0x8  startup_MIMXRT1064.o [1]
  .text              ro code       0x6068     0x8  startup_MIMXRT1064.o [1]
  .text              ro code       0x6070     0x8  startup_MIMXRT1064.o [1]
  .text              ro code       0x6078     0x8  startup_MIMXRT1064.o [1]
  .text              ro code       0x6080     0x8  startup_MIMXRT1064.o [1]
  .text              ro code       0x6088     0x8  startup_MIMXRT1064.o [1]
  .text              ro code       0x6090     0x8  startup_MIMXRT1064.o [1]
  .text              ro code       0x6098     0x8  startup_MIMXRT1064.o [1]
  .text              ro code       0x60a0     0x8  startup_MIMXRT1064.o [1]
  .text              ro code       0x60a8     0x8  startup_MIMXRT1064.o [1]
  .text              ro code       0x60b0     0x8  startup_MIMXRT1064.o [1]
  .text              ro code       0x60b8     0x8  startup_MIMXRT1064.o [1]
  .text              ro code       0x60c0     0x4  startup_MIMXRT1064.o [1]
  Initializer bytes  const         0x60c4     0x4  <for RW-1>
  .text              ro code       0x60c8     0x2  startup_MIMXRT1064.o [1]
  .text              ro code       0x60ca     0x2  startup_MIMXRT1064.o [1]
  .text              ro code       0x60cc     0x2  startup_MIMXRT1064.o [1]
  .text              ro code       0x60ce     0x2  startup_MIMXRT1064.o [1]
  .rodata            const         0x60d0     0x0  zero_init3.o [4]
  .rodata            const         0x60d0     0x0  copy_init3.o [4]
                                 - 0x60d0  0x5cd0

"P2-P3|P5", part 1 of 2:                      0x4
  RW                          0x2000'0000     0x4  <Block>
    RW-1                      0x2000'0000     0x4  <Init block>
      .data          inited   0x2000'0000     0x4  system_MIMXRT1064.o [1]
                            - 0x2000'0004     0x4

"P2-P3|P5", part 2 of 2:                    0x3e8
  ZI                          0x2000'0004   0x3e8  <Block>
    .bss             zero     0x2000'0004   0x350  flexcan_interrupt_transfer.o [1]
    .bss             zero     0x2000'0354     0xc  flexcan_interrupt_transfer.o [1]
    .bss             zero     0x2000'0360     0xc  flexcan_interrupt_transfer.o [1]
    .bss             zero     0x2000'036c    0x10  flexcan_interrupt_transfer.o [1]
    .bss             zero     0x2000'037c     0x4  flexcan_interrupt_transfer.o [1]
    .bss             zero     0x2000'0380     0x4  flexcan_interrupt_transfer.o [1]
    .bss             zero     0x2000'0384     0x4  fsl_clock.o [1]
    .bss             zero     0x2000'0388     0x4  fsl_clock.o [1]
    .bss             zero     0x2000'038c    0x1c  fsl_debug_console.o [1]
    .bss             zero     0x2000'03a8     0x4  fsl_debug_console.o [1]
    .bss             zero     0x2000'03ac    0x10  fsl_flexcan.o [1]
    .bss             zero     0x2000'03bc     0x4  fsl_flexcan.o [1]
    .bss             zero     0x2000'03c0    0x24  fsl_lpuart.o [1]
    .bss             zero     0x2000'03e4     0x4  fsl_lpuart.o [1]
    .bss             zero     0x2000'03e8     0x1  flexcan_interrupt_transfer.o [1]
    .bss             zero     0x2000'03e9     0x1  flexcan_interrupt_transfer.o [1]
    .bss             zero     0x2000'03ea     0x1  flexcan_interrupt_transfer.o [1]
                            - 0x2000'03ec   0x3e8

"P6":                                       0x400
  CSTACK                      0x2001'fc00   0x400  <Block>
    CSTACK           uninit   0x2001'fc00   0x400  <Block tail>
                            - 0x2002'0000   0x400

Unused ranges:

         From           To      Size
         ----           --      ----
       0x60d0     0x1'ffff  0x1'9f30
  0x2000'03ec  0x2001'fbff  0x1'f814


*******************************************************************************
*** INIT TABLE
***

          Address      Size
          -------      ----
Zero (__iar_zero_init3)
    1 destination range, total size 0x3e7:
          0x2000'0004  0x3e7

Copy (__iar_copy_init3)
    1 source range, total size 0x4:
               0x60c4    0x4
    1 destination range, total size 0x4:
          0x2000'0000    0x4



*******************************************************************************
*** MODULE SUMMARY
***

    Module                        ro code  ro data  rw data
    ------                        -------  -------  -------
command line/config:
    -------------------------------------------------------
    Total:

H:\PROJECTS\PV4 & WB3 Hardware\Firmware\SDK_2.8.0_MIMXRT1064xxxxA_New\boards\evkmimxrt1064\driver_examples\flexcan\interrupt_transfer\iar\debug\obj: [1]
    board.o                           928      204
    clock_config.o                  2'320      182
    flexcan_interrupt_transfer.o    1'064      792      899
    fsl_assert.o                       28       44
    fsl_clock.o                     2'276      144        8
    fsl_debug_console.o               672      212       32
    fsl_flexcan.o                   6'388    1'160       20
    fsl_lpuart.o                    1'544      492       40
    fsl_str.o                       1'196
    lpuart_adapter.o                  464      288
    pin_mux.o                         368      128
    serial_manager.o                  736      188
    serial_port_uart.o                296      164
    startup_MIMXRT1064.o            1'502
    system_MIMXRT1064.o               346        4        4
    -------------------------------------------------------
    Total:                         20'128    4'002    1'003

dl7M_tln.a: [2]
    exit.o                              4
    low_level_init.o                    4
    -------------------------------------------------------
    Total:                              8

m7M_tlv.a: [3]
    fpinit_M.o                         34
    -------------------------------------------------------
    Total:                             34

rt7M_tl.a: [4]
    ABImemcpy.o                       166
    ABImemset.o                       102
    I64Shl.o                           34
    cexit.o                            10
    cmain.o                            30
    copy_init3.o                       46
    cstartup_M.o                       12
    data_init.o                        40
    strlen.o                           54
    zero_init3.o                       58
    -------------------------------------------------------
    Total:                            552

shb_l.a: [5]
    exit.o                             20
    -------------------------------------------------------
    Total:                             20

    Gaps                                         4
    Linker created                              36    1'024
-----------------------------------------------------------
    Grand Total:                   20'742    4'042    2'027


*******************************************************************************
*** ENTRY LIST
***

Entry                       Address   Size  Type      Object
-----                       -------   ----  ----      ------
.iar.init_table$$Base        0x5b08          --   Gb  - Linker created -
.iar.init_table$$Limit       0x5b2c          --   Gb  - Linker created -
?main                        0x5b71         Code  Gb  cmain.o [4]
ARM_MPU_Disable              0x4845   0x1a  Code  Lc  board.o [1]
ARM_MPU_Enable               0x4829   0x1c  Code  Lc  board.o [1]
BOARD_BootClockRUN           0x340d  0x5aa  Code  Gb  clock_config.o [1]
BOARD_ConfigMPU              0x4917  0x216  Code  Gb  board.o [1]
BOARD_DebugConsoleSrcFreq
                             0x48c5   0x3a  Code  Gb  board.o [1]
BOARD_InitDebugConsole       0x48ff   0x18  Code  Gb  board.o [1]
BOARD_InitPins               0x4c47   0xc0  Code  Gb  pin_mux.o [1]
CAN1_DriverIRQHandler        0x1c1b   0x2a  Code  Gb  fsl_flexcan.o [1]
CAN2_DriverIRQHandler        0x1c45   0x2a  Code  Gb  fsl_flexcan.o [1]
CAN3_DriverIRQHandler        0x1c6f   0x2a  Code  Gb  fsl_flexcan.o [1]
CLOCK_ControlGate            0x32f9   0x48  Code  Lc  clock_config.o [1]
CLOCK_ControlGate             0x421   0x48  Code  Lc  fsl_flexcan.o [1]
CLOCK_ControlGate            0x2c05   0x48  Code  Lc  fsl_lpuart.o [1]
CLOCK_ControlGate            0x4bc9   0x42  Code  Lc  pin_mux.o [1]
CLOCK_DeinitAudioPll         0x3f3d    0xc  Code  Gb  fsl_clock.o [1]
CLOCK_DeinitEnetPll          0x3f49    0xc  Code  Gb  fsl_clock.o [1]
CLOCK_DeinitUsb2Pll          0x3f33    0xa  Code  Gb  fsl_clock.o [1]
CLOCK_DisableClock           0x3341   0x10  Code  Lc  clock_config.o [1]
CLOCK_EnableClock             0x469   0x10  Code  Lc  fsl_flexcan.o [1]
CLOCK_EnableClock            0x2c4d   0x10  Code  Lc  fsl_lpuart.o [1]
CLOCK_EnableClock            0x4c0b   0x10  Code  Lc  pin_mux.o [1]
CLOCK_GetAhbFreq             0x3ca1   0x18  Code  Gb  fsl_clock.o [1]
CLOCK_GetDiv                 0x4889   0x2a  Code  Lc  board.o [1]
CLOCK_GetFreq                0x3d29  0x114  Code  Gb  fsl_clock.o [1]
CLOCK_GetIpgFreq             0x3ced   0x18  Code  Gb  fsl_clock.o [1]
CLOCK_GetMux                 0x485f   0x2a  Code  Lc  board.o [1]
CLOCK_GetOscFreq             0x48b3   0x12  Code  Lc  board.o [1]
CLOCK_GetOscFreq             0x3b1d   0x18  Code  Lc  fsl_clock.o [1]
CLOCK_GetPerClkFreq          0x3d05   0x24  Code  Gb  fsl_clock.o [1]
CLOCK_GetPeriphClkFreq       0x3b83   0xaa  Code  Lc  fsl_clock.o [1]
CLOCK_GetPllBypassRefClk
                             0x3b61   0x22  Code  Lc  fsl_clock.o [1]
CLOCK_GetPllFreq             0x3f55  0x2b2  Code  Gb  fsl_clock.o [1]
CLOCK_GetRtcFreq             0x3b35    0x6  Code  Lc  fsl_clock.o [1]
CLOCK_GetSemcFreq            0x3cb9   0x34  Code  Gb  fsl_clock.o [1]
CLOCK_GetSysPfdFreq          0x429d   0x60  Code  Gb  fsl_clock.o [1]
CLOCK_GetUsb1PfdFreq         0x42fd   0x60  Code  Gb  fsl_clock.o [1]
CLOCK_InitArmPll             0x3e3f   0x40  Code  Gb  fsl_clock.o [1]
CLOCK_InitExternalClk        0x3c2d   0x4a  Code  Gb  fsl_clock.o [1]
CLOCK_InitRcOsc24M           0x3c93    0xe  Code  Gb  fsl_clock.o [1]
CLOCK_InitSysPfd             0x4207   0x40  Code  Gb  fsl_clock.o [1]
CLOCK_InitSysPll             0x3e7f   0x74  Code  Gb  fsl_clock.o [1]
CLOCK_InitUsb1Pfd            0x4251   0x40  Code  Gb  fsl_clock.o [1]
CLOCK_InitUsb1Pll            0x3ef3   0x40  Code  Gb  fsl_clock.o [1]
CLOCK_IsPllBypassed          0x3b3b   0x10  Code  Lc  fsl_clock.o [1]
CLOCK_IsPllEnabled           0x3b4b   0x16  Code  Lc  fsl_clock.o [1]
CLOCK_SetDiv                 0x3283   0x76  Code  Lc  clock_config.o [1]
CLOCK_SetDiv                 0x4477   0x70  Code  Lc  flexcan_interrupt_transfer.o [1]
CLOCK_SetMux                 0x320d   0x76  Code  Lc  clock_config.o [1]
CLOCK_SetMux                 0x4401   0x76  Code  Lc  flexcan_interrupt_transfer.o [1]
CLOCK_SetPllBypass           0x3361   0x2c  Code  Lc  clock_config.o [1]
CLOCK_SetRtcXtalFreq         0x3359    0x8  Code  Lc  clock_config.o [1]
CLOCK_SetXtalFreq            0x3351    0x8  Code  Lc  clock_config.o [1]
CLOCK_SwitchOsc              0x3c77   0x1c  Code  Gb  fsl_clock.o [1]
CSTACK$$Base            0x2001'fc00          --   Gb  - Linker created -
CSTACK$$Limit           0x2002'0000          --   Gb  - Linker created -
ConvertRadixNumToString
                             0x25ef   0xc8  Code  Lc  fsl_str.o [1]
DbgConsole_Getchar           0x2135   0x14  Code  Gb  fsl_debug_console.o [1]
DbgConsole_Init              0x1fa7  0x116  Code  Gb  fsl_debug_console.o [1]
DbgConsole_PrintCallback
                             0x1f69   0x3e  Code  Lc  fsl_debug_console.o [1]
DbgConsole_Printf            0x20bd   0x4a  Code  Gb  fsl_debug_console.o [1]
DbgConsole_ReadCharacter
                             0x1f2f   0x3a  Code  Gb  fsl_debug_console.o [1]
DbgConsole_ReadOneCharacter
                             0x1ea9   0x28  Code  Gb  fsl_debug_console.o [1]
DbgConsole_SendDataReliable
                             0x1ed1   0x5e  Code  Gb  fsl_debug_console.o [1]
DisableGlobalIRQ             0x2149    0x8  Code  Lc  serial_manager.o [1]
EnableGlobalIRQ              0x2151    0x6  Code  Lc  serial_manager.o [1]
EnableIRQ                     0x479   0x20  Code  Lc  fsl_flexcan.o [1]
FLEXCAN_CheckUnhandleInterruptEvents
                             0x1949   0x66  Code  Lc  fsl_flexcan.o [1]
FLEXCAN_ClearMbStatusFlags
                              0x4bb    0x6  Code  Lc  fsl_flexcan.o [1]
FLEXCAN_ClearStatusFlags
                              0x49d    0x4  Code  Lc  fsl_flexcan.o [1]
FLEXCAN_DisableInterrupts
                              0x4d9   0x18  Code  Lc  fsl_flexcan.o [1]
FLEXCAN_DisableMbInterrupts
                              0x4ff    0xe  Code  Lc  fsl_flexcan.o [1]
FLEXCAN_ERRATA_6032           0xf15   0x84  Code  Lc  fsl_flexcan.o [1]
FLEXCAN_Enable                0x50d   0x28  Code  Lc  fsl_flexcan.o [1]
FLEXCAN_EnableInterrupts
                              0x4c1   0x18  Code  Lc  fsl_flexcan.o [1]
FLEXCAN_EnableMbInterrupts
                              0x4f1    0xe  Code  Lc  fsl_flexcan.o [1]
FLEXCAN_EnterFreezeMode
                              0x56b   0x92  Code  Gb  fsl_flexcan.o [1]
FLEXCAN_ExitFreezeMode        0x5fd   0x18  Code  Gb  fsl_flexcan.o [1]
FLEXCAN_GetDefaultConfig
                              0xa0f   0x82  Code  Gb  fsl_flexcan.o [1]
FLEXCAN_GetFDMailboxOffset
                              0xc21   0xca  Code  Lc  fsl_flexcan.o [1]
FLEXCAN_GetFirstValidMb
                              0x659   0x1e  Code  Lc  fsl_flexcan.o [1]
FLEXCAN_GetInstance           0x535   0x36  Code  Gb  fsl_flexcan.o [1]
FLEXCAN_GetMbStatusFlags
                              0x4a1   0x1a  Code  Lc  fsl_flexcan.o [1]
FLEXCAN_GetStatusFlags        0x499    0x4  Code  Lc  fsl_flexcan.o [1]
FLEXCAN_Init                  0x84b  0x1c4  Code  Gb  fsl_flexcan.o [1]
FLEXCAN_IsMbIntEnabled        0x677   0x58  Code  Lc  fsl_flexcan.o [1]
FLEXCAN_IsMbOccupied          0x615   0x44  Code  Lc  fsl_flexcan.o [1]
FLEXCAN_ReadFDRxMb           0x11e9  0x150  Code  Gb  fsl_flexcan.o [1]
FLEXCAN_ReadRxFifo           0x1339   0x8c  Code  Gb  fsl_flexcan.o [1]
FLEXCAN_ReadRxMb             0x10f9   0xf0  Code  Gb  fsl_flexcan.o [1]
FLEXCAN_Reset                 0x6cf   0xf2  Code  Lc  fsl_flexcan.o [1]
FLEXCAN_SetBaudRate           0x7c1   0x8a  Code  Lc  fsl_flexcan.o [1]
FLEXCAN_SetFDTxMbConfig
                              0xd15   0xe2  Code  Gb  fsl_flexcan.o [1]
FLEXCAN_SetRxMbConfig         0xe05   0xe4  Code  Gb  fsl_flexcan.o [1]
FLEXCAN_SetRxMbGlobalMask
                              0xb63   0x1a  Code  Gb  fsl_flexcan.o [1]
FLEXCAN_SetTimingConfig
                              0xa91   0xd2  Code  Gb  fsl_flexcan.o [1]
FLEXCAN_SetTxMbConfig         0xb7d   0x9c  Code  Gb  fsl_flexcan.o [1]
FLEXCAN_SubHandlerForDataTransfered
                             0x19af  0x1e8  Code  Lc  fsl_flexcan.o [1]
FLEXCAN_TransferAbortReceive
                             0x1869   0x9a  Code  Gb  fsl_flexcan.o [1]
FLEXCAN_TransferAbortReceiveFifo
                             0x1903   0x3c  Code  Gb  fsl_flexcan.o [1]
FLEXCAN_TransferAbortSend
                             0x1659   0xb4  Code  Gb  fsl_flexcan.o [1]
FLEXCAN_TransferCreateHandle
                             0x13cd   0xda  Code  Gb  fsl_flexcan.o [1]
FLEXCAN_TransferFDAbortReceive
                             0x17cd   0x9c  Code  Gb  fsl_flexcan.o [1]
FLEXCAN_TransferFDAbortSend
                             0x170d   0xbc  Code  Gb  fsl_flexcan.o [1]
FLEXCAN_TransferHandleIRQ
                             0x1b99   0x82  Code  Gb  fsl_flexcan.o [1]
FLEXCAN_TransferReceiveNonBlocking
                             0x1591   0xc0  Code  Gb  fsl_flexcan.o [1]
FLEXCAN_TransferSendNonBlocking
                             0x14a7   0xea  Code  Gb  fsl_flexcan.o [1]
FLEXCAN_WriteTxMb             0xf99  0x156  Code  Gb  fsl_flexcan.o [1]
HAL_UartGetStatus            0x2a35   0x10  Code  Lc  lpuart_adapter.o [1]
HAL_UartInit                 0x2a45   0xe2  Code  Gb  lpuart_adapter.o [1]
HAL_UartReceiveBlocking
                             0x2b27   0x64  Code  Gb  lpuart_adapter.o [1]
HAL_UartSendBlocking         0x2b8b   0x5a  Code  Gb  lpuart_adapter.o [1]
IOMUXC_EnableMode            0x338d   0x1c  Code  Lc  clock_config.o [1]
IOMUXC_MQSConfig             0x33e9   0x24  Code  Lc  clock_config.o [1]
IOMUXC_SetPinConfig          0x4c37   0x10  Code  Lc  pin_mux.o [1]
IOMUXC_SetPinMux             0x4c1b   0x1c  Code  Lc  pin_mux.o [1]
IOMUXC_SetSaiMClkClockSource
                             0x33a9   0x40  Code  Lc  clock_config.o [1]
LPUART1_DriverIRQHandler
                             0x313d   0x14  Code  Gb  fsl_lpuart.o [1]
LPUART2_DriverIRQHandler
                             0x3151   0x14  Code  Gb  fsl_lpuart.o [1]
LPUART3_DriverIRQHandler
                             0x3165   0x14  Code  Gb  fsl_lpuart.o [1]
LPUART4_DriverIRQHandler
                             0x3179   0x14  Code  Gb  fsl_lpuart.o [1]
LPUART5_DriverIRQHandler
                             0x318d   0x14  Code  Gb  fsl_lpuart.o [1]
LPUART6_DriverIRQHandler
                             0x31a5   0x14  Code  Gb  fsl_lpuart.o [1]
LPUART7_DriverIRQHandler
                             0x31b9   0x14  Code  Gb  fsl_lpuart.o [1]
LPUART8_DriverIRQHandler
                             0x31cd   0x14  Code  Gb  fsl_lpuart.o [1]
LPUART_ClearStatusFlags
                             0x2f75   0x50  Code  Gb  fsl_lpuart.o [1]
LPUART_GetDefaultConfig
                             0x2ef9   0x6c  Code  Gb  fsl_lpuart.o [1]
LPUART_GetInstance           0x2c6f   0x34  Code  Gb  fsl_lpuart.o [1]
LPUART_GetStatusFlags        0x2f65   0x10  Code  Gb  fsl_lpuart.o [1]
LPUART_Init                  0x2ca3  0x256  Code  Gb  fsl_lpuart.o [1]
LPUART_ReadBlocking          0x3007  0x102  Code  Gb  fsl_lpuart.o [1]
LPUART_SoftwareReset         0x2c5d   0x12  Code  Lc  fsl_lpuart.o [1]
LPUART_WriteBlocking         0x2fc5   0x42  Code  Gb  fsl_lpuart.o [1]
PrintGetPrecision            0x2471   0x52  Code  Lc  fsl_str.o [1]
PrintGetRadixFromobpu        0x25c3   0x2c  Code  Lc  fsl_str.o [1]
PrintGetWidth                0x2429   0x48  Code  Lc  fsl_str.o [1]
PrintIsdi                    0x24ed   0x1a  Code  Lc  fsl_str.o [1]
PrintIsfF                    0x258f   0x1a  Code  Lc  fsl_str.o [1]
PrintIsobpu                  0x24c3   0x2a  Code  Lc  fsl_str.o [1]
PrintIsxX                    0x25a9   0x1a  Code  Lc  fsl_str.o [1]
PrintOutputdifFobpu          0x2507   0x44  Code  Lc  fsl_str.o [1]
PrintOutputxX                0x254b   0x44  Code  Lc  fsl_str.o [1]
RW$$Base                0x2000'0000          --   Gb  - Linker created -
RW$$Limit               0x2000'0004          --   Gb  - Linker created -
Region$$Table$$Base          0x5b08          --   Gb  - Linker created -
Region$$Table$$Limit         0x5b2c          --   Gb  - Linker created -
SerialManager_Init           0x22a3   0x6a  Code  Gb  serial_manager.o [1]
SerialManager_OpenReadHandle
                             0x236f   0x70  Code  Gb  serial_manager.o [1]
SerialManager_OpenWriteHandle
                             0x230d   0x62  Code  Gb  serial_manager.o [1]
SerialManager_Read           0x222f   0x74  Code  Lc  serial_manager.o [1]
SerialManager_ReadBlocking
                             0x23f3   0x14  Code  Gb  serial_manager.o [1]
SerialManager_StartReading
                             0x2183   0x2c  Code  Lc  serial_manager.o [1]
SerialManager_StartWriting
                             0x2157   0x2c  Code  Lc  serial_manager.o [1]
SerialManager_Write          0x21af   0x80  Code  Lc  serial_manager.o [1]
SerialManager_WriteBlocking
                             0x23df   0x14  Code  Gb  serial_manager.o [1]
Serial_UartInit              0x28d5   0x6e  Code  Gb  serial_port_uart.o [1]
Serial_UartRead              0x2995   0x52  Code  Gb  serial_port_uart.o [1]
Serial_UartWrite             0x2943   0x52  Code  Gb  serial_port_uart.o [1]
StrFormatPrintf              0x26b7  0x21e  Code  Gb  fsl_str.o [1]
SystemCoreClock         0x2000'0000    0x4  Data  Gb  system_MIMXRT1064.o [1]
SystemInit                   0x4d39  0x11c  Code  Gb  system_MIMXRT1064.o [1]
ZI$$Base                0x2000'0004          --   Gb  - Linker created -
ZI$$Limit               0x2000'03ec          --   Gb  - Linker created -
__NCACHE_REGION_SIZE {Abs}
                                0x0         Data  Gb  <internal module>
__NCACHE_REGION_START {Abs}
                        0x2020'0000         Data  Gb  <internal module>
__NVIC_EnableIRQ              0x401   0x20  Code  Lc  fsl_flexcan.o [1]
__RAM_VECTOR_TABLE_SIZE {Abs}
                                0x0         Data  Gb  <internal module>
__VECTOR_RAM {Abs}              0x0         Data  Gb  <internal module>
__VECTOR_TABLE {Abs}            0x0         Data  Gb  <internal module>
__Vectors                       0x0          --   Gb  startup_MIMXRT1064.o [1]
__Vectors_End                 0x400         Data  Gb  startup_MIMXRT1064.o [1]
__Vectors_Size {Abs}          0x400          --   Gb  startup_MIMXRT1064.o [1]
__aeabi_assert               0x1cf5   0x1c  Code  Gb  fsl_assert.o [1]
__aeabi_llsl                 0x1e85         Code  Gb  I64Shl.o [4]
__aeabi_memcpy               0x1d11         Code  Gb  ABImemcpy.o [4]
__aeabi_memcpy4              0x1d31         Code  Gb  ABImemcpy.o [4]
__aeabi_memcpy8              0x1d31         Code  Gb  ABImemcpy.o [4]
__aeabi_memset               0x1df1         Code  Gb  ABImemset.o [4]
__cmain                      0x5b71         Code  Gb  cmain.o [4]
__exit                       0x5ba5   0x14  Code  Gb  exit.o [5]
__iar_Memset                 0x1df1         Code  Gb  ABImemset.o [4]
__iar_Memset_word            0x1df9         Code  Gb  ABImemset.o [4]
__iar_copy_init3             0x1e57   0x2e  Code  Gb  copy_init3.o [4]
__iar_data_init3             0x59e5   0x28  Code  Gb  data_init.o [4]
__iar_init_vfp               0x5ae5         Code  Gb  fpinit_M.o [3]
__iar_program_start          0x5e65         Code  Gb  cstartup_M.o [4]
__iar_zero_init3             0x1db7   0x3a  Code  Gb  zero_init3.o [4]
__low_level_init             0x5b8f    0x4  Code  Gb  low_level_init.o [2]
__vector_table                  0x0         Data  Gb  startup_MIMXRT1064.o [1]
__vector_table_0x1c            0x1c         Data  Gb  startup_MIMXRT1064.o [1]
_call_main                   0x5b7d         Code  Gb  cmain.o [4]
_exit                        0x5b99         Code  Gb  cexit.o [4]
_main                        0x5b8b         Code  Gb  cmain.o [4]
armPllConfig_BOARD_BootClockRUN
                             0x5e78    0x8  Data  Gb  clock_config.o [1]
exit                         0x5b93    0x4  Code  Gb  exit.o [2]
flexcanHandle           0x2000'0004  0x350  Data  Gb  flexcan_interrupt_transfer.o [1]
flexcan_callback             0x44e7   0x3a  Code  Lc  flexcan_interrupt_transfer.o [1]
frame                   0x2000'036c   0x10  Data  Gb  flexcan_interrupt_transfer.o [1]
g_rtcXtalFreq           0x2000'0388    0x4  Data  Gb  fsl_clock.o [1]
g_serialHandle          0x2000'03a8    0x4  Data  Gb  fsl_debug_console.o [1]
g_xtalFreq              0x2000'0384    0x4  Data  Gb  fsl_clock.o [1]
main                         0x4521  0x278  Code  Gb  flexcan_interrupt_transfer.o [1]
rxComplete              0x2000'03e9    0x1  Data  Gb  flexcan_interrupt_transfer.o [1]
rxIdentifier            0x2000'0380    0x4  Data  Gb  flexcan_interrupt_transfer.o [1]
rxXfer                  0x2000'0360    0xc  Data  Gb  flexcan_interrupt_transfer.o [1]
s_LpuartAdapterBase          0x5ac0   0x24  Data  Lc  lpuart_adapter.o [1]
s_debugConsoleState     0x2000'038c   0x1c  Data  Lc  fsl_debug_console.o [1]
s_flexcanBases               0x5dbc   0x10  Data  Lc  fsl_flexcan.o [1]
s_flexcanBusOffIRQ           0x5eb0    0x8  Data  Lc  fsl_flexcan.o [1]
s_flexcanClock               0x5ec0    0x8  Data  Lc  fsl_flexcan.o [1]
s_flexcanErrorIRQ            0x5ea8    0x8  Data  Lc  fsl_flexcan.o [1]
s_flexcanHandle         0x2000'03ac   0x10  Data  Lc  fsl_flexcan.o [1]
s_flexcanIsr            0x2000'03bc    0x4  Data  Lc  fsl_flexcan.o [1]
s_flexcanMbIRQ               0x5eb8    0x8  Data  Lc  fsl_flexcan.o [1]
s_flexcanPeriphClock         0x5ec8    0x8  Data  Lc  fsl_flexcan.o [1]
s_flexcanRxWarningIRQ        0x5e90    0x8  Data  Lc  fsl_flexcan.o [1]
s_flexcanTxWarningIRQ        0x5e98    0x8  Data  Lc  fsl_flexcan.o [1]
s_flexcanWakeUpIRQ           0x5ea0    0x8  Data  Lc  fsl_flexcan.o [1]
s_lpuartBases                0x5a9c   0x24  Data  Lc  fsl_lpuart.o [1]
s_lpuartClock                0x5d18   0x14  Data  Lc  fsl_lpuart.o [1]
s_lpuartHandle          0x2000'03c0   0x24  Data  Lc  fsl_lpuart.o [1]
s_lpuartIsr             0x2000'03e4    0x4  Data  Lc  fsl_lpuart.o [1]
strlen                       0x29fd         Code  Gb  strlen.o [4]
sysPllConfig_BOARD_BootClockRUN
                             0x5d04   0x14  Data  Gb  clock_config.o [1]
txComplete              0x2000'03e8    0x1  Data  Gb  flexcan_interrupt_transfer.o [1]
txIdentifier            0x2000'037c    0x4  Data  Gb  flexcan_interrupt_transfer.o [1]
txXfer                  0x2000'0354    0xc  Data  Gb  flexcan_interrupt_transfer.o [1]
usb1PllConfig_BOARD_BootClockRUN
                             0x1ea6    0x2  Data  Gb  clock_config.o [1]
wakenUp                 0x2000'03ea    0x1  Data  Gb  flexcan_interrupt_transfer.o [1]


[1] = H:\PROJECTS\PV4 & WB3 Hardware\Firmware\SDK_2.8.0_MIMXRT1064xxxxA_New\boards\evkmimxrt1064\driver_examples\flexcan\interrupt_transfer\iar\debug\obj
[2] = dl7M_tln.a
[3] = m7M_tlv.a
[4] = rt7M_tl.a
[5] = shb_l.a

  20'742 bytes of readonly  code memory
   4'042 bytes of readonly  data memory
   2'027 bytes of readwrite data memory

Errors: none
Warnings: none
